Archive member included to satisfy reference by file (symbol)

c:/program files (x86)/gnu tools arm embedded/5.2 2015q4/bin/../lib/gcc/arm-none-eabi/5.2.1/../../../../arm-none-eabi/lib/armv7e-m\libg.a(lib_a-malloc.o)
                              ..\obj\Lista.o (malloc)
c:/program files (x86)/gnu tools arm embedded/5.2 2015q4/bin/../lib/gcc/arm-none-eabi/5.2.1/../../../../arm-none-eabi/lib/armv7e-m\libg.a(lib_a-mallocr.o)
                              c:/program files (x86)/gnu tools arm embedded/5.2 2015q4/bin/../lib/gcc/arm-none-eabi/5.2.1/../../../../arm-none-eabi/lib/armv7e-m\libg.a(lib_a-malloc.o) (_malloc_r)
c:/program files (x86)/gnu tools arm embedded/5.2 2015q4/bin/../lib/gcc/arm-none-eabi/5.2.1/../../../../arm-none-eabi/lib/armv7e-m\libg.a(lib_a-mlock.o)
                              c:/program files (x86)/gnu tools arm embedded/5.2 2015q4/bin/../lib/gcc/arm-none-eabi/5.2.1/../../../../arm-none-eabi/lib/armv7e-m\libg.a(lib_a-mallocr.o) (__malloc_lock)
c:/program files (x86)/gnu tools arm embedded/5.2 2015q4/bin/../lib/gcc/arm-none-eabi/5.2.1/../../../../arm-none-eabi/lib/armv7e-m\libg.a(lib_a-sbrkr.o)
                              c:/program files (x86)/gnu tools arm embedded/5.2 2015q4/bin/../lib/gcc/arm-none-eabi/5.2.1/../../../../arm-none-eabi/lib/armv7e-m\libg.a(lib_a-mallocr.o) (_sbrk_r)
c:/program files (x86)/gnu tools arm embedded/5.2 2015q4/bin/../lib/gcc/arm-none-eabi/5.2.1/../../../../arm-none-eabi/lib/armv7e-m\libg.a(lib_a-freer.o)
                              c:/program files (x86)/gnu tools arm embedded/5.2 2015q4/bin/../lib/gcc/arm-none-eabi/5.2.1/../../../../arm-none-eabi/lib/armv7e-m\libg.a(lib_a-malloc.o) (_free_r)
c:/program files (x86)/gnu tools arm embedded/5.2 2015q4/bin/../lib/gcc/arm-none-eabi/5.2.1/../../../../arm-none-eabi/lib/armv7e-m\libg.a(lib_a-impure.o)
                              c:/program files (x86)/gnu tools arm embedded/5.2 2015q4/bin/../lib/gcc/arm-none-eabi/5.2.1/../../../../arm-none-eabi/lib/armv7e-m\libg.a(lib_a-malloc.o) (_impure_ptr)
c:/program files (x86)/gnu tools arm embedded/5.2 2015q4/bin/../lib/gcc/arm-none-eabi/5.2.1/../../../../arm-none-eabi/lib/armv7e-m\libg.a(lib_a-reent.o)
                              c:/program files (x86)/gnu tools arm embedded/5.2 2015q4/bin/../lib/gcc/arm-none-eabi/5.2.1/../../../../arm-none-eabi/lib/armv7e-m\libg.a(lib_a-sbrkr.o) (errno)

Allocating common symbols
Common symbol       size              file

errno               0x4               c:/program files (x86)/gnu tools arm embedded/5.2 2015q4/bin/../lib/gcc/arm-none-eabi/5.2.1/../../../../arm-none-eabi/lib/armv7e-m\libg.a(lib_a-reent.o)
fatfs               0x230             ..\obj\main.o

Discarded input sections

 .text          0x00000000        0x0 ..\obj\delay.o
 .data          0x00000000        0x0 ..\obj\delay.o
 .text          0x00000000        0x0 ..\obj\startup_stm32f4xx.o
 .data          0x00000000        0x0 ..\obj\startup_stm32f4xx.o
 .bss           0x00000000        0x0 ..\obj\startup_stm32f4xx.o
 .text          0x00000000        0x0 ..\obj\fpu.o
 .data          0x00000000        0x0 ..\obj\fpu.o
 .bss           0x00000000        0x0 ..\obj\fpu.o
 .text          0x00000000        0x0 ..\obj\main.o
 .data          0x00000000        0x0 ..\obj\main.o
 .bss           0x00000000        0x0 ..\obj\main.o
 .text          0x00000000        0x0 ..\obj\stm32f4xx_rcc.o
 .data          0x00000000       0x10 ..\obj\stm32f4xx_rcc.o
 .bss           0x00000000        0x0 ..\obj\stm32f4xx_rcc.o
 .text.RCC_DeInit
                0x00000000       0x50 ..\obj\stm32f4xx_rcc.o
 .text.RCC_HSEConfig
                0x00000000       0x24 ..\obj\stm32f4xx_rcc.o
 .text.RCC_WaitForHSEStartUp
                0x00000000       0x50 ..\obj\stm32f4xx_rcc.o
 .text.RCC_AdjustHSICalibrationValue
                0x00000000       0x3c ..\obj\stm32f4xx_rcc.o
 .text.RCC_HSICmd
                0x00000000       0x20 ..\obj\stm32f4xx_rcc.o
 .text.RCC_LSEConfig
                0x00000000       0x40 ..\obj\stm32f4xx_rcc.o
 .text.RCC_LSICmd
                0x00000000       0x20 ..\obj\stm32f4xx_rcc.o
 .text.RCC_PLLConfig
                0x00000000       0x3c ..\obj\stm32f4xx_rcc.o
 .text.RCC_PLLCmd
                0x00000000       0x20 ..\obj\stm32f4xx_rcc.o
 .text.RCC_PLLI2SConfig
                0x00000000       0x28 ..\obj\stm32f4xx_rcc.o
 .text.RCC_PLLI2SCmd
                0x00000000       0x20 ..\obj\stm32f4xx_rcc.o
 .text.RCC_ClockSecuritySystemCmd
                0x00000000       0x20 ..\obj\stm32f4xx_rcc.o
 .text.RCC_MCO1Config
                0x00000000       0x3c ..\obj\stm32f4xx_rcc.o
 .text.RCC_MCO2Config
                0x00000000       0x3c ..\obj\stm32f4xx_rcc.o
 .text.RCC_SYSCLKConfig
                0x00000000       0x38 ..\obj\stm32f4xx_rcc.o
 .text.RCC_GetSYSCLKSource
                0x00000000       0x1c ..\obj\stm32f4xx_rcc.o
 .text.RCC_HCLKConfig
                0x00000000       0x38 ..\obj\stm32f4xx_rcc.o
 .text.RCC_PCLK1Config
                0x00000000       0x38 ..\obj\stm32f4xx_rcc.o
 .text.RCC_PCLK2Config
                0x00000000       0x38 ..\obj\stm32f4xx_rcc.o
 .text.RCC_GetClocksFreq
                0x00000000      0x154 ..\obj\stm32f4xx_rcc.o
 .text.RCC_RTCCLKConfig
                0x00000000       0x5c ..\obj\stm32f4xx_rcc.o
 .text.RCC_RTCCLKCmd
                0x00000000       0x20 ..\obj\stm32f4xx_rcc.o
 .text.RCC_BackupResetCmd
                0x00000000       0x20 ..\obj\stm32f4xx_rcc.o
 .text.RCC_I2SCLKConfig
                0x00000000       0x1c ..\obj\stm32f4xx_rcc.o
 .text.RCC_AHB2PeriphClockCmd
                0x00000000       0x3c ..\obj\stm32f4xx_rcc.o
 .text.RCC_AHB3PeriphClockCmd
                0x00000000       0x3c ..\obj\stm32f4xx_rcc.o
 .text.RCC_APB2PeriphClockCmd
                0x00000000       0x3c ..\obj\stm32f4xx_rcc.o
 .text.RCC_AHB1PeriphResetCmd
                0x00000000       0x3c ..\obj\stm32f4xx_rcc.o
 .text.RCC_AHB2PeriphResetCmd
                0x00000000       0x3c ..\obj\stm32f4xx_rcc.o
 .text.RCC_AHB3PeriphResetCmd
                0x00000000       0x3c ..\obj\stm32f4xx_rcc.o
 .text.RCC_APB1PeriphResetCmd
                0x00000000       0x3c ..\obj\stm32f4xx_rcc.o
 .text.RCC_APB2PeriphResetCmd
                0x00000000       0x3c ..\obj\stm32f4xx_rcc.o
 .text.RCC_AHB1PeriphClockLPModeCmd
                0x00000000       0x3c ..\obj\stm32f4xx_rcc.o
 .text.RCC_AHB2PeriphClockLPModeCmd
                0x00000000       0x3c ..\obj\stm32f4xx_rcc.o
 .text.RCC_AHB3PeriphClockLPModeCmd
                0x00000000       0x3c ..\obj\stm32f4xx_rcc.o
 .text.RCC_APB1PeriphClockLPModeCmd
                0x00000000       0x3c ..\obj\stm32f4xx_rcc.o
 .text.RCC_APB2PeriphClockLPModeCmd
                0x00000000       0x3c ..\obj\stm32f4xx_rcc.o
 .text.RCC_ITConfig
                0x00000000       0x4c ..\obj\stm32f4xx_rcc.o
 .text.RCC_GetFlagStatus
                0x00000000       0x74 ..\obj\stm32f4xx_rcc.o
 .text.RCC_ClearFlag
                0x00000000       0x1c ..\obj\stm32f4xx_rcc.o
 .text.RCC_GetITStatus
                0x00000000       0x34 ..\obj\stm32f4xx_rcc.o
 .text.RCC_ClearITPendingBit
                0x00000000       0x20 ..\obj\stm32f4xx_rcc.o
 .text          0x00000000        0x0 ..\obj\spi_sd.o
 .text.chk_power
                0x00000000       0x14 ..\obj\spi_sd.o
 .text.disk_ioctl
                0x00000000      0x260 ..\obj\spi_sd.o
 .text.get_fattime
                0x00000000       0x14 ..\obj\spi_sd.o
 .text          0x00000000        0x0 ..\obj\stm32f4xx_gpio.o
 .data          0x00000000        0x0 ..\obj\stm32f4xx_gpio.o
 .bss           0x00000000        0x0 ..\obj\stm32f4xx_gpio.o
 .text.GPIO_DeInit
                0x00000000      0x120 ..\obj\stm32f4xx_gpio.o
 .text.GPIO_StructInit
                0x00000000       0x34 ..\obj\stm32f4xx_gpio.o
 .text.GPIO_PinLockConfig
                0x00000000       0x44 ..\obj\stm32f4xx_gpio.o
 .text.GPIO_ReadInputDataBit
                0x00000000       0x34 ..\obj\stm32f4xx_gpio.o
 .text.GPIO_ReadInputData
                0x00000000       0x18 ..\obj\stm32f4xx_gpio.o
 .text.GPIO_ReadOutputDataBit
                0x00000000       0x34 ..\obj\stm32f4xx_gpio.o
 .text.GPIO_ReadOutputData
                0x00000000       0x18 ..\obj\stm32f4xx_gpio.o
 .text.GPIO_ResetBits
                0x00000000       0x1c ..\obj\stm32f4xx_gpio.o
 .text.GPIO_WriteBit
                0x00000000       0x30 ..\obj\stm32f4xx_gpio.o
 .text.GPIO_Write
                0x00000000       0x1c ..\obj\stm32f4xx_gpio.o
 .text.GPIO_ToggleBits
                0x00000000       0x24 ..\obj\stm32f4xx_gpio.o
 .text          0x00000000        0x0 ..\obj\system_stm32f4xx.o
 .data          0x00000000       0x14 ..\obj\system_stm32f4xx.o
 .bss           0x00000000        0x0 ..\obj\system_stm32f4xx.o
 .text.SystemCoreClockUpdate
                0x00000000       0xf8 ..\obj\system_stm32f4xx.o
 .text          0x00000000        0x0 ..\obj\syscalls.o
 .data          0x00000000        0x0 ..\obj\syscalls.o
 .text.link     0x00000000       0x18 ..\obj\syscalls.o
 .text._close   0x00000000       0x18 ..\obj\syscalls.o
 .text._fstat   0x00000000       0x20 ..\obj\syscalls.o
 .text._isatty  0x00000000       0x14 ..\obj\syscalls.o
 .text._lseek   0x00000000       0x18 ..\obj\syscalls.o
 .text._read    0x00000000       0x18 ..\obj\syscalls.o
 .text._write   0x00000000       0x18 ..\obj\syscalls.o
 .text.abort    0x00000000        0x8 ..\obj\syscalls.o
 .text          0x00000000        0x0 ..\obj\Lista.o
 .data          0x00000000        0x0 ..\obj\Lista.o
 .bss           0x00000000        0x0 ..\obj\Lista.o
 .text          0x00000000        0x0 ..\obj\ff.o
 .data          0x00000000        0x0 ..\obj\ff.o
 .text.mem_cpy  0x00000000       0x3c ..\obj\ff.o
 .text.sync     0x00000000      0x13c ..\obj\ff.o
 .text.remove_chain
                0x00000000       0xa0 ..\obj\ff.o
 .text.dir_register
                0x00000000       0xb0 ..\obj\ff.o
 .text.dir_remove
                0x00000000       0x54 ..\obj\ff.o
 .text.f_open   0x00000000      0x2d8 ..\obj\ff.o
 .text.f_read   0x00000000      0x2b4 ..\obj\ff.o
 .text.f_write  0x00000000      0x310 ..\obj\ff.o
 .text.f_sync   0x00000000      0x170 ..\obj\ff.o
 .text.f_close  0x00000000       0x28 ..\obj\ff.o
 .text.f_lseek  0x00000000      0x2ac ..\obj\ff.o
 .text.f_stat   0x00000000       0x70 ..\obj\ff.o
 .text.f_getfree
                0x00000000      0x19c ..\obj\ff.o
 .text.f_truncate
                0x00000000      0x118 ..\obj\ff.o
 .text.f_unlink
                0x00000000      0x17c ..\obj\ff.o
 .text.f_mkdir  0x00000000      0x2b8 ..\obj\ff.o
 .text.f_chmod  0x00000000       0xac ..\obj\ff.o
 .text.f_utime  0x00000000       0xb4 ..\obj\ff.o
 .text.f_rename
                0x00000000      0x208 ..\obj\ff.o
 .text          0x00000000        0x0 ..\obj\stm32f4xx_spi.o
 .data          0x00000000        0x0 ..\obj\stm32f4xx_spi.o
 .bss           0x00000000        0x0 ..\obj\stm32f4xx_spi.o
 .text.SPI_I2S_DeInit
                0x00000000       0x74 ..\obj\stm32f4xx_spi.o
 .text.I2S_Init
                0x00000000      0x1b4 ..\obj\stm32f4xx_spi.o
 .text.SPI_StructInit
                0x00000000       0x48 ..\obj\stm32f4xx_spi.o
 .text.I2S_StructInit
                0x00000000       0x38 ..\obj\stm32f4xx_spi.o
 .text.I2S_Cmd  0x00000000       0x40 ..\obj\stm32f4xx_spi.o
 .text.SPI_DataSizeConfig
                0x00000000       0x38 ..\obj\stm32f4xx_spi.o
 .text.SPI_BiDirectionalLineConfig
                0x00000000       0x40 ..\obj\stm32f4xx_spi.o
 .text.SPI_NSSInternalSoftwareConfig
                0x00000000       0x44 ..\obj\stm32f4xx_spi.o
 .text.SPI_SSOutputCmd
                0x00000000       0x40 ..\obj\stm32f4xx_spi.o
 .text.SPI_TIModeCmd
                0x00000000       0x40 ..\obj\stm32f4xx_spi.o
 .text.I2S_FullDuplexConfig
                0x00000000       0x9c ..\obj\stm32f4xx_spi.o
 .text.SPI_I2S_ReceiveData
                0x00000000       0x18 ..\obj\stm32f4xx_spi.o
 .text.SPI_I2S_SendData
                0x00000000       0x1c ..\obj\stm32f4xx_spi.o
 .text.SPI_TransmitCRC
                0x00000000       0x24 ..\obj\stm32f4xx_spi.o
 .text.SPI_GetCRC
                0x00000000       0x30 ..\obj\stm32f4xx_spi.o
 .text.SPI_GetCRCPolynomial
                0x00000000       0x18 ..\obj\stm32f4xx_spi.o
 .text.SPI_I2S_DMACmd
                0x00000000       0x48 ..\obj\stm32f4xx_spi.o
 .text.SPI_I2S_ITConfig
                0x00000000       0x60 ..\obj\stm32f4xx_spi.o
 .text.SPI_I2S_GetFlagStatus
                0x00000000       0x38 ..\obj\stm32f4xx_spi.o
 .text.SPI_I2S_ClearFlag
                0x00000000       0x20 ..\obj\stm32f4xx_spi.o
 .text.SPI_I2S_GetITStatus
                0x00000000       0x74 ..\obj\stm32f4xx_spi.o
 .text.SPI_I2S_ClearITPendingBit
                0x00000000       0x34 ..\obj\stm32f4xx_spi.o
 .text          0x00000000        0x0 ..\obj\misc.o
 .data          0x00000000        0x0 ..\obj\misc.o
 .bss           0x00000000        0x0 ..\obj\misc.o
 .text.NVIC_PriorityGroupConfig
                0x00000000       0x24 ..\obj\misc.o
 .text.NVIC_Init
                0x00000000       0xc0 ..\obj\misc.o
 .text.NVIC_SetVectorTable
                0x00000000       0x2c ..\obj\misc.o
 .text.NVIC_SystemLPConfig
                0x00000000       0x40 ..\obj\misc.o
 .text          0x00000000        0x0 ..\obj\stm32f4xx_rtc.o
 .data          0x00000000        0x0 ..\obj\stm32f4xx_rtc.o
 .bss           0x00000000        0x0 ..\obj\stm32f4xx_rtc.o
 .text.RTC_DeInit
                0x00000000       0xdc ..\obj\stm32f4xx_rtc.o
 .text.RTC_Init
                0x00000000       0x78 ..\obj\stm32f4xx_rtc.o
 .text.RTC_StructInit
                0x00000000       0x24 ..\obj\stm32f4xx_rtc.o
 .text.RTC_WriteProtectionCmd
                0x00000000       0x34 ..\obj\stm32f4xx_rtc.o
 .text.RTC_EnterInitMode
                0x00000000       0x70 ..\obj\stm32f4xx_rtc.o
 .text.RTC_ExitInitMode
                0x00000000       0x1c ..\obj\stm32f4xx_rtc.o
 .text.RTC_WaitForSynchro
                0x00000000       0x74 ..\obj\stm32f4xx_rtc.o
 .text.RTC_RefClockCmd
                0x00000000       0x68 ..\obj\stm32f4xx_rtc.o
 .text.RTC_BypassShadowCmd
                0x00000000       0x4c ..\obj\stm32f4xx_rtc.o
 .text.RTC_SetTime
                0x00000000      0x104 ..\obj\stm32f4xx_rtc.o
 .text.RTC_TimeStructInit
                0x00000000       0x2c ..\obj\stm32f4xx_rtc.o
 .text.RTC_GetTime
                0x00000000       0xa4 ..\obj\stm32f4xx_rtc.o
 .text.RTC_GetSubSecond
                0x00000000       0x24 ..\obj\stm32f4xx_rtc.o
 .text.RTC_SetDate
                0x00000000      0x10c ..\obj\stm32f4xx_rtc.o
 .text.RTC_DateStructInit
                0x00000000       0x2c ..\obj\stm32f4xx_rtc.o
 .text.RTC_GetDate
                0x00000000       0x9c ..\obj\stm32f4xx_rtc.o
 .text.RTC_SetAlarm
                0x00000000      0x138 ..\obj\stm32f4xx_rtc.o
 .text.RTC_AlarmStructInit
                0x00000000       0x3c ..\obj\stm32f4xx_rtc.o
 .text.RTC_GetAlarm
                0x00000000       0xe4 ..\obj\stm32f4xx_rtc.o
 .text.RTC_AlarmCmd
                0x00000000       0x98 ..\obj\stm32f4xx_rtc.o
 .text.RTC_AlarmSubSecondConfig
                0x00000000       0x50 ..\obj\stm32f4xx_rtc.o
 .text.RTC_GetAlarmSubSecond
                0x00000000       0x3c ..\obj\stm32f4xx_rtc.o
 .text.RTC_WakeUpClockConfig
                0x00000000       0x40 ..\obj\stm32f4xx_rtc.o
 .text.RTC_SetWakeUpCounter
                0x00000000       0x30 ..\obj\stm32f4xx_rtc.o
 .text.RTC_GetWakeUpCounter
                0x00000000       0x18 ..\obj\stm32f4xx_rtc.o
 .text.RTC_WakeUpCmd
                0x00000000       0x90 ..\obj\stm32f4xx_rtc.o
 .text.RTC_DayLightSavingConfig
                0x00000000       0x48 ..\obj\stm32f4xx_rtc.o
 .text.RTC_GetStoreOperation
                0x00000000       0x18 ..\obj\stm32f4xx_rtc.o
 .text.RTC_OutputConfig
                0x00000000       0x48 ..\obj\stm32f4xx_rtc.o
 .text.RTC_CoarseCalibConfig
                0x00000000       0x50 ..\obj\stm32f4xx_rtc.o
 .text.RTC_CoarseCalibCmd
                0x00000000       0x68 ..\obj\stm32f4xx_rtc.o
 .text.RTC_CalibOutputCmd
                0x00000000       0x4c ..\obj\stm32f4xx_rtc.o
 .text.RTC_CalibOutputConfig
                0x00000000       0x40 ..\obj\stm32f4xx_rtc.o
 .text.RTC_SmoothCalibConfig
                0x00000000       0x84 ..\obj\stm32f4xx_rtc.o
 .text.RTC_TimeStampCmd
                0x00000000       0x60 ..\obj\stm32f4xx_rtc.o
 .text.RTC_GetTimeStamp
                0x00000000      0x120 ..\obj\stm32f4xx_rtc.o
 .text.RTC_GetTimeStampSubSecond
                0x00000000       0x14 ..\obj\stm32f4xx_rtc.o
 .text.RTC_TamperTriggerConfig
                0x00000000       0x40 ..\obj\stm32f4xx_rtc.o
 .text.RTC_TamperCmd
                0x00000000       0x3c ..\obj\stm32f4xx_rtc.o
 .text.RTC_TamperFilterConfig
                0x00000000       0x30 ..\obj\stm32f4xx_rtc.o
 .text.RTC_TamperSamplingFreqConfig
                0x00000000       0x30 ..\obj\stm32f4xx_rtc.o
 .text.RTC_TamperPinsPrechargeDuration
                0x00000000       0x30 ..\obj\stm32f4xx_rtc.o
 .text.RTC_TimeStampOnTamperDetectionCmd
                0x00000000       0x38 ..\obj\stm32f4xx_rtc.o
 .text.RTC_TamperPullUpCmd
                0x00000000       0x38 ..\obj\stm32f4xx_rtc.o
 .text.RTC_WriteBackupRegister
                0x00000000       0x34 ..\obj\stm32f4xx_rtc.o
 .text.RTC_ReadBackupRegister
                0x00000000       0x2c ..\obj\stm32f4xx_rtc.o
 .text.RTC_TamperPinSelection
                0x00000000       0x30 ..\obj\stm32f4xx_rtc.o
 .text.RTC_TimeStampPinSelection
                0x00000000       0x30 ..\obj\stm32f4xx_rtc.o
 .text.RTC_OutputTypeConfig
                0x00000000       0x30 ..\obj\stm32f4xx_rtc.o
 .text.RTC_SynchroShiftConfig
                0x00000000       0x9c ..\obj\stm32f4xx_rtc.o
 .text.RTC_ITConfig
                0x00000000       0x78 ..\obj\stm32f4xx_rtc.o
 .text.RTC_GetFlagStatus
                0x00000000       0x40 ..\obj\stm32f4xx_rtc.o
 .text.RTC_ClearFlag
                0x00000000       0x30 ..\obj\stm32f4xx_rtc.o
 .text.RTC_GetITStatus
                0x00000000       0x68 ..\obj\stm32f4xx_rtc.o
 .text.RTC_ClearITPendingBit
                0x00000000       0x38 ..\obj\stm32f4xx_rtc.o
 .text.RTC_ByteToBcd2
                0x00000000       0x38 ..\obj\stm32f4xx_rtc.o
 .text.RTC_Bcd2ToByte
                0x00000000       0x38 ..\obj\stm32f4xx_rtc.o
 .debug_info    0x00000000     0x10eb ..\obj\stm32f4xx_rtc.o
 .debug_abbrev  0x00000000      0x1b0 ..\obj\stm32f4xx_rtc.o
 .debug_aranges
                0x00000000      0x1e0 ..\obj\stm32f4xx_rtc.o
 .debug_ranges  0x00000000      0x1d0 ..\obj\stm32f4xx_rtc.o
 .debug_line    0x00000000      0x841 ..\obj\stm32f4xx_rtc.o
 .debug_str     0x00000000      0xb49 ..\obj\stm32f4xx_rtc.o
 .comment       0x00000000       0x6f ..\obj\stm32f4xx_rtc.o
 .debug_frame   0x00000000      0x8b0 ..\obj\stm32f4xx_rtc.o
 .ARM.attributes
                0x00000000       0x33 ..\obj\stm32f4xx_rtc.o
 .text          0x00000000        0x0 c:/program files (x86)/gnu tools arm embedded/5.2 2015q4/bin/../lib/gcc/arm-none-eabi/5.2.1/../../../../arm-none-eabi/lib/armv7e-m\libg.a(lib_a-malloc.o)
 .data          0x00000000        0x0 c:/program files (x86)/gnu tools arm embedded/5.2 2015q4/bin/../lib/gcc/arm-none-eabi/5.2.1/../../../../arm-none-eabi/lib/armv7e-m\libg.a(lib_a-malloc.o)
 .bss           0x00000000        0x0 c:/program files (x86)/gnu tools arm embedded/5.2 2015q4/bin/../lib/gcc/arm-none-eabi/5.2.1/../../../../arm-none-eabi/lib/armv7e-m\libg.a(lib_a-malloc.o)
 .text.free     0x00000000       0x10 c:/program files (x86)/gnu tools arm embedded/5.2 2015q4/bin/../lib/gcc/arm-none-eabi/5.2.1/../../../../arm-none-eabi/lib/armv7e-m\libg.a(lib_a-malloc.o)
 .text          0x00000000        0x0 c:/program files (x86)/gnu tools arm embedded/5.2 2015q4/bin/../lib/gcc/arm-none-eabi/5.2.1/../../../../arm-none-eabi/lib/armv7e-m\libg.a(lib_a-mallocr.o)
 .data          0x00000000        0x0 c:/program files (x86)/gnu tools arm embedded/5.2 2015q4/bin/../lib/gcc/arm-none-eabi/5.2.1/../../../../arm-none-eabi/lib/armv7e-m\libg.a(lib_a-mallocr.o)
 .bss           0x00000000        0x0 c:/program files (x86)/gnu tools arm embedded/5.2 2015q4/bin/../lib/gcc/arm-none-eabi/5.2.1/../../../../arm-none-eabi/lib/armv7e-m\libg.a(lib_a-mallocr.o)
 .text          0x00000000        0x0 c:/program files (x86)/gnu tools arm embedded/5.2 2015q4/bin/../lib/gcc/arm-none-eabi/5.2.1/../../../../arm-none-eabi/lib/armv7e-m\libg.a(lib_a-mlock.o)
 .data          0x00000000        0x0 c:/program files (x86)/gnu tools arm embedded/5.2 2015q4/bin/../lib/gcc/arm-none-eabi/5.2.1/../../../../arm-none-eabi/lib/armv7e-m\libg.a(lib_a-mlock.o)
 .bss           0x00000000        0x0 c:/program files (x86)/gnu tools arm embedded/5.2 2015q4/bin/../lib/gcc/arm-none-eabi/5.2.1/../../../../arm-none-eabi/lib/armv7e-m\libg.a(lib_a-mlock.o)
 .text          0x00000000        0x0 c:/program files (x86)/gnu tools arm embedded/5.2 2015q4/bin/../lib/gcc/arm-none-eabi/5.2.1/../../../../arm-none-eabi/lib/armv7e-m\libg.a(lib_a-sbrkr.o)
 .data          0x00000000        0x0 c:/program files (x86)/gnu tools arm embedded/5.2 2015q4/bin/../lib/gcc/arm-none-eabi/5.2.1/../../../../arm-none-eabi/lib/armv7e-m\libg.a(lib_a-sbrkr.o)
 .bss           0x00000000        0x0 c:/program files (x86)/gnu tools arm embedded/5.2 2015q4/bin/../lib/gcc/arm-none-eabi/5.2.1/../../../../arm-none-eabi/lib/armv7e-m\libg.a(lib_a-sbrkr.o)
 .text          0x00000000        0x0 c:/program files (x86)/gnu tools arm embedded/5.2 2015q4/bin/../lib/gcc/arm-none-eabi/5.2.1/../../../../arm-none-eabi/lib/armv7e-m\libg.a(lib_a-freer.o)
 .data          0x00000000        0x0 c:/program files (x86)/gnu tools arm embedded/5.2 2015q4/bin/../lib/gcc/arm-none-eabi/5.2.1/../../../../arm-none-eabi/lib/armv7e-m\libg.a(lib_a-freer.o)
 .bss           0x00000000        0x0 c:/program files (x86)/gnu tools arm embedded/5.2 2015q4/bin/../lib/gcc/arm-none-eabi/5.2.1/../../../../arm-none-eabi/lib/armv7e-m\libg.a(lib_a-freer.o)
 .text          0x00000000        0x0 c:/program files (x86)/gnu tools arm embedded/5.2 2015q4/bin/../lib/gcc/arm-none-eabi/5.2.1/../../../../arm-none-eabi/lib/armv7e-m\libg.a(lib_a-impure.o)
 .data          0x00000000        0x0 c:/program files (x86)/gnu tools arm embedded/5.2 2015q4/bin/../lib/gcc/arm-none-eabi/5.2.1/../../../../arm-none-eabi/lib/armv7e-m\libg.a(lib_a-impure.o)
 .bss           0x00000000        0x0 c:/program files (x86)/gnu tools arm embedded/5.2 2015q4/bin/../lib/gcc/arm-none-eabi/5.2.1/../../../../arm-none-eabi/lib/armv7e-m\libg.a(lib_a-impure.o)
 .rodata._global_impure_ptr
                0x00000000        0x4 c:/program files (x86)/gnu tools arm embedded/5.2 2015q4/bin/../lib/gcc/arm-none-eabi/5.2.1/../../../../arm-none-eabi/lib/armv7e-m\libg.a(lib_a-impure.o)
 .text          0x00000000        0x0 c:/program files (x86)/gnu tools arm embedded/5.2 2015q4/bin/../lib/gcc/arm-none-eabi/5.2.1/../../../../arm-none-eabi/lib/armv7e-m\libg.a(lib_a-reent.o)
 .data          0x00000000        0x0 c:/program files (x86)/gnu tools arm embedded/5.2 2015q4/bin/../lib/gcc/arm-none-eabi/5.2.1/../../../../arm-none-eabi/lib/armv7e-m\libg.a(lib_a-reent.o)
 .bss           0x00000000        0x0 c:/program files (x86)/gnu tools arm embedded/5.2 2015q4/bin/../lib/gcc/arm-none-eabi/5.2.1/../../../../arm-none-eabi/lib/armv7e-m\libg.a(lib_a-reent.o)
 .text.cleanup_glue
                0x00000000       0x1c c:/program files (x86)/gnu tools arm embedded/5.2 2015q4/bin/../lib/gcc/arm-none-eabi/5.2.1/../../../../arm-none-eabi/lib/armv7e-m\libg.a(lib_a-reent.o)
 .text._reclaim_reent
                0x00000000       0x88 c:/program files (x86)/gnu tools arm embedded/5.2 2015q4/bin/../lib/gcc/arm-none-eabi/5.2.1/../../../../arm-none-eabi/lib/armv7e-m\libg.a(lib_a-reent.o)

Memory Configuration

Name             Origin             Length             Attributes
rom              0x08000000         0x00100000         xr
ram              0x20000000         0x00020000         xrw
ram1             0x10000000         0x00010000         xrw
*default*        0x00000000         0xffffffff

Linker script and memory map

                0x20020000                _eram = 0x20020000

.text           0x08000000     0x308c
 *(.isr_vector)
 .isr_vector    0x08000000      0x188 ..\obj\startup_stm32f4xx.o
                0x08000000                g_pfnVectors
 *(.text*)
 .text.delay_init
                0x08000188       0x34 ..\obj\delay.o
                0x08000188                delay_init
 .text.delay_ms
                0x080001bc       0x28 ..\obj\delay.o
                0x080001bc                delay_ms
 .text.delay_us
                0x080001e4       0x5c ..\obj\delay.o
                0x080001e4                delay_us
 .text.Default_Reset_Handler
                0x08000240       0x5c ..\obj\startup_stm32f4xx.o
                0x08000240                Default_Reset_Handler
                0x08000240                Reset_Handler
 .text.Default_Handler
                0x0800029c        0x8 ..\obj\startup_stm32f4xx.o
                0x0800029c                RTC_Alarm_IRQHandler
                0x0800029c                HASH_RNG_IRQHandler
                0x0800029c                EXTI2_IRQHandler
                0x0800029c                TIM8_CC_IRQHandler
                0x0800029c                DebugMon_Handler
                0x0800029c                TIM1_CC_IRQHandler
                0x0800029c                DMA2_Stream5_IRQHandler
                0x0800029c                HardFault_Handler
                0x0800029c                DMA1_Stream5_IRQHandler
                0x0800029c                PVD_IRQHandler
                0x0800029c                SDIO_IRQHandler
                0x0800029c                TAMP_STAMP_IRQHandler
                0x0800029c                PendSV_Handler
                0x0800029c                NMI_Handler
                0x0800029c                CAN2_RX1_IRQHandler
                0x0800029c                EXTI3_IRQHandler
                0x0800029c                TIM8_TRG_COM_TIM14_IRQHandler
                0x0800029c                TIM1_UP_TIM10_IRQHandler
                0x0800029c                TIM8_UP_TIM13_IRQHandler
                0x0800029c                I2C3_ER_IRQHandler
                0x0800029c                EXTI0_IRQHandler
                0x0800029c                I2C2_EV_IRQHandler
                0x0800029c                DMA1_Stream2_IRQHandler
                0x0800029c                CAN1_RX0_IRQHandler
                0x0800029c                FPU_IRQHandler
                0x0800029c                OTG_HS_WKUP_IRQHandler
                0x0800029c                UsageFault_Handler
                0x0800029c                CAN2_SCE_IRQHandler
                0x0800029c                DMA2_Stream2_IRQHandler
                0x0800029c                SPI1_IRQHandler
                0x0800029c                TIM6_DAC_IRQHandler
                0x0800029c                TIM1_BRK_TIM9_IRQHandler
                0x0800029c                DCMI_IRQHandler
                0x0800029c                CAN2_RX0_IRQHandler
                0x0800029c                DMA2_Stream3_IRQHandler
                0x0800029c                USART6_IRQHandler
                0x0800029c                USART3_IRQHandler
                0x0800029c                CRYP_IRQHandler
                0x0800029c                CAN1_RX1_IRQHandler
                0x0800029c                UART5_IRQHandler
                0x0800029c                DMA2_Stream0_IRQHandler
                0x0800029c                TIM4_IRQHandler
                0x0800029c                I2C1_EV_IRQHandler
                0x0800029c                DMA1_Stream6_IRQHandler
                0x0800029c                DMA1_Stream1_IRQHandler
                0x0800029c                UART4_IRQHandler
                0x0800029c                TIM3_IRQHandler
                0x0800029c                RCC_IRQHandler
                0x0800029c                TIM8_BRK_TIM12_IRQHandler
                0x0800029c                EXTI15_10_IRQHandler
                0x0800029c                ADC_IRQHandler
                0x0800029c                DMA1_Stream7_IRQHandler
                0x0800029c                TIM7_IRQHandler
                0x0800029c                CAN2_TX_IRQHandler
                0x0800029c                TIM5_IRQHandler
                0x0800029c                DMA2_Stream7_IRQHandler
                0x0800029c                I2C3_EV_IRQHandler
                0x0800029c                EXTI9_5_IRQHandler
                0x0800029c                RTC_WKUP_IRQHandler
                0x0800029c                ETH_WKUP_IRQHandler
                0x0800029c                SPI2_IRQHandler
                0x0800029c                OTG_HS_EP1_IN_IRQHandler
                0x0800029c                MemManage_Handler
                0x0800029c                DMA1_Stream0_IRQHandler
                0x0800029c                CAN1_TX_IRQHandler
                0x0800029c                SVC_Handler
                0x0800029c                EXTI4_IRQHandler
                0x0800029c                FSMC_IRQHandler
                0x0800029c                ETH_IRQHandler
                0x0800029c                OTG_HS_EP1_OUT_IRQHandler
                0x0800029c                WWDG_IRQHandler
                0x0800029c                TIM2_IRQHandler
                0x0800029c                OTG_FS_WKUP_IRQHandler
                0x0800029c                TIM1_TRG_COM_TIM11_IRQHandler
                0x0800029c                OTG_HS_IRQHandler
                0x0800029c                EXTI1_IRQHandler
                0x0800029c                USART2_IRQHandler
                0x0800029c                I2C2_ER_IRQHandler
                0x0800029c                DMA2_Stream1_IRQHandler
                0x0800029c                CAN1_SCE_IRQHandler
                0x0800029c                FLASH_IRQHandler
                0x0800029c                DMA2_Stream4_IRQHandler
                0x0800029c                BusFault_Handler
                0x0800029c                USART1_IRQHandler
                0x0800029c                OTG_FS_IRQHandler
                0x0800029c                SPI3_IRQHandler
                0x0800029c                DMA1_Stream4_IRQHandler
                0x0800029c                I2C1_ER_IRQHandler
                0x0800029c                DMA2_Stream6_IRQHandler
                0x0800029c                DMA1_Stream3_IRQHandler
 .text.fpu_enable
                0x080002a4       0x20 ..\obj\fpu.o
                0x080002a4                fpu_enable
 .text.NVIC_SetPriority
                0x080002c4       0x54 ..\obj\main.o
 .text.SysTick_Config
                0x08000318       0x44 ..\obj\main.o
 .text.main     0x0800035c      0x148 ..\obj\main.o
                0x0800035c                main
 .text.SysTick_Handler
                0x080004a4        0xc ..\obj\main.o
                0x080004a4                SysTick_Handler
 .text.RCC_AHB1PeriphClockCmd
                0x080004b0       0x3c ..\obj\stm32f4xx_rcc.o
                0x080004b0                RCC_AHB1PeriphClockCmd
 .text.RCC_APB1PeriphClockCmd
                0x080004ec       0x3c ..\obj\stm32f4xx_rcc.o
                0x080004ec                RCC_APB1PeriphClockCmd
 .text.SELECT   0x08000528       0x20 ..\obj\spi_sd.o
 .text.DESELECT
                0x08000548       0x20 ..\obj\spi_sd.o
 .text.SPI_SD_Init
                0x08000568       0xfc ..\obj\spi_sd.o
                0x08000568                SPI_SD_Init
 .text.xmit_spi
                0x08000664       0x4c ..\obj\spi_sd.o
 .text.rcvr_spi
                0x080006b0       0x5c ..\obj\spi_sd.o
 .text.rcvr_spi_m
                0x0800070c       0x1c ..\obj\spi_sd.o
 .text.wait_ready
                0x08000728       0x38 ..\obj\spi_sd.o
 .text.power_on
                0x08000760       0x34 ..\obj\spi_sd.o
 .text.power_off
                0x08000794       0x18 ..\obj\spi_sd.o
 .text.rcvr_datablock
                0x080007ac       0x6c ..\obj\spi_sd.o
 .text.xmit_datablock
                0x08000818       0xa8 ..\obj\spi_sd.o
 .text.send_cmd
                0x080008c0       0xa4 ..\obj\spi_sd.o
 .text.disk_initialize
                0x08000964      0x1d4 ..\obj\spi_sd.o
                0x08000964                disk_initialize
 .text.disk_status
                0x08000b38       0x28 ..\obj\spi_sd.o
                0x08000b38                disk_status
 .text.disk_read
                0x08000b60       0xd8 ..\obj\spi_sd.o
                0x08000b60                disk_read
 .text.disk_write
                0x08000c38      0x110 ..\obj\spi_sd.o
                0x08000c38                disk_write
 .text.disk_timerproc
                0x08000d48       0x48 ..\obj\spi_sd.o
                0x08000d48                disk_timerproc
 .text.GPIO_Init
                0x08000d90      0x11c ..\obj\stm32f4xx_gpio.o
                0x08000d90                GPIO_Init
 .text.GPIO_SetBits
                0x08000eac       0x1c ..\obj\stm32f4xx_gpio.o
                0x08000eac                GPIO_SetBits
 .text.GPIO_PinAFConfig
                0x08000ec8       0x90 ..\obj\stm32f4xx_gpio.o
                0x08000ec8                GPIO_PinAFConfig
 .text.SystemInit
                0x08000f58       0x5c ..\obj\system_stm32f4xx.o
                0x08000f58                SystemInit
 .text.SetSysClock
                0x08000fb4       0xf4 ..\obj\system_stm32f4xx.o
 .text._sbrk    0x080010a8       0x3c ..\obj\syscalls.o
                0x080010a8                _sbrk
 .text.add_last
                0x080010e4       0x54 ..\obj\Lista.o
                0x080010e4                add_last
 .text.mem_set  0x08001138       0x34 ..\obj\ff.o
 .text.mem_cmp  0x0800116c       0x4c ..\obj\ff.o
 .text.chk_chr  0x080011b8       0x34 ..\obj\ff.o
 .text.move_window
                0x080011ec       0xb4 ..\obj\ff.o
 .text.clust2sect
                0x080012a0       0x3c ..\obj\ff.o
                0x080012a0                clust2sect
 .text.get_fat  0x080012dc      0x160 ..\obj\ff.o
                0x080012dc                get_fat
 .text.put_fat  0x0800143c      0x1fc ..\obj\ff.o
                0x0800143c                put_fat
 .text.create_chain
                0x08001638      0x114 ..\obj\ff.o
 .text.dir_sdi  0x0800174c      0x104 ..\obj\ff.o
 .text.dir_next
                0x08001850      0x1a8 ..\obj\ff.o
 .text.dir_find
                0x080019f8       0x98 ..\obj\ff.o
 .text.dir_read
                0x08001a90       0x98 ..\obj\ff.o
 .text.create_name
                0x08001b28      0x168 ..\obj\ff.o
 .text.get_fileinfo
                0x08001c90      0x11c ..\obj\ff.o
 .text.follow_path
                0x08001dac       0xfc ..\obj\ff.o
 .text.check_fs
                0x08001ea8       0xd0 ..\obj\ff.o
 .text.chk_mounted
                0x08001f78      0x524 ..\obj\ff.o
 .text.validate
                0x0800249c       0x4c ..\obj\ff.o
 .text.f_mount  0x080024e8       0x54 ..\obj\ff.o
                0x080024e8                f_mount
 .text.f_opendir
                0x0800253c       0xcc ..\obj\ff.o
                0x0800253c                f_opendir
 .text.f_readdir
                0x08002608       0x90 ..\obj\ff.o
                0x08002608                f_readdir
 .text.SPI_Init
                0x08002698       0x88 ..\obj\stm32f4xx_spi.o
                0x08002698                SPI_Init
 .text.SPI_Cmd  0x08002720       0x40 ..\obj\stm32f4xx_spi.o
                0x08002720                SPI_Cmd
 .text.SPI_CalculateCRC
                0x08002760       0x40 ..\obj\stm32f4xx_spi.o
                0x08002760                SPI_CalculateCRC
 .text.SysTick_CLKSourceConfig
                0x080027a0       0x38 ..\obj\misc.o
                0x080027a0                SysTick_CLKSourceConfig
 .text.malloc   0x080027d8       0x10 c:/program files (x86)/gnu tools arm embedded/5.2 2015q4/bin/../lib/gcc/arm-none-eabi/5.2.1/../../../../arm-none-eabi/lib/armv7e-m\libg.a(lib_a-malloc.o)
                0x080027d8                malloc
 .text._malloc_r
                0x080027e8      0x570 c:/program files (x86)/gnu tools arm embedded/5.2 2015q4/bin/../lib/gcc/arm-none-eabi/5.2.1/../../../../arm-none-eabi/lib/armv7e-m\libg.a(lib_a-mallocr.o)
                0x080027e8                _malloc_r
 .text.__malloc_lock
                0x08002d58        0x4 c:/program files (x86)/gnu tools arm embedded/5.2 2015q4/bin/../lib/gcc/arm-none-eabi/5.2.1/../../../../arm-none-eabi/lib/armv7e-m\libg.a(lib_a-mlock.o)
                0x08002d58                __malloc_lock
 .text.__malloc_unlock
                0x08002d5c        0x4 c:/program files (x86)/gnu tools arm embedded/5.2 2015q4/bin/../lib/gcc/arm-none-eabi/5.2.1/../../../../arm-none-eabi/lib/armv7e-m\libg.a(lib_a-mlock.o)
                0x08002d5c                __malloc_unlock
 .text._sbrk_r  0x08002d60       0x24 c:/program files (x86)/gnu tools arm embedded/5.2 2015q4/bin/../lib/gcc/arm-none-eabi/5.2.1/../../../../arm-none-eabi/lib/armv7e-m\libg.a(lib_a-sbrkr.o)
                0x08002d60                _sbrk_r
 .text._malloc_trim_r
                0x08002d84       0x9c c:/program files (x86)/gnu tools arm embedded/5.2 2015q4/bin/../lib/gcc/arm-none-eabi/5.2.1/../../../../arm-none-eabi/lib/armv7e-m\libg.a(lib_a-freer.o)
                0x08002d84                _malloc_trim_r
 .text._free_r  0x08002e20      0x1d0 c:/program files (x86)/gnu tools arm embedded/5.2 2015q4/bin/../lib/gcc/arm-none-eabi/5.2.1/../../../../arm-none-eabi/lib/armv7e-m\libg.a(lib_a-freer.o)
                0x08002e20                _free_r
 *(.init)
 *(.fini)
 *crtbegin.o(.ctors)
 *crtbegin?.o(.ctors)
 *(EXCLUDE_FILE(*crtend.o *crtend?.o) .ctors)
 *(SORT(.ctors.*))
 *(.ctors)
 *crtbegin.o(.dtors)
 *crtbegin?.o(.dtors)
 *(EXCLUDE_FILE(*crtend.o *crtend?.o) .dtors)
 *(SORT(.dtors.*))
 *(.dtors)
 *(.rodata*)
 .rodata        0x08002ff0        0x6 ..\obj\main.o
 *fill*         0x08002ff6        0x2 
 .rodata        0x08002ff8       0x90 ..\obj\ff.o
 .rodata.str1.4
                0x08003088        0x4 c:/program files (x86)/gnu tools arm embedded/5.2 2015q4/bin/../lib/gcc/arm-none-eabi/5.2.1/../../../../arm-none-eabi/lib/armv7e-m\libg.a(lib_a-impure.o)
                                  0x2 (size before relaxing)
 *(.eh_fram e*)

.glue_7         0x0800308c        0x0
 .glue_7        0x0800308c        0x0 linker stubs

.glue_7t        0x0800308c        0x0
 .glue_7t       0x0800308c        0x0 linker stubs

.vfp11_veneer   0x0800308c        0x0
 .vfp11_veneer  0x0800308c        0x0 linker stubs

.v4_bx          0x0800308c        0x0
 .v4_bx         0x0800308c        0x0 linker stubs

.iplt           0x0800308c        0x0
 .iplt          0x0800308c        0x0 ..\obj\delay.o

.rel.dyn        0x0800308c        0x0
 .rel.iplt      0x0800308c        0x0 ..\obj\delay.o

.ARM.extab
 *(.ARM.extab* .gnu.linkonce.armextab.*)
                0x0800308c                __exidx_start = .

.ARM.exidx
 *(.ARM.exidx* .gnu.linkonce.armexidx.*)
                0x0800308c                __exidx_end = .
                0x0800308c                __etext = .
                0x0800308c                _sidata = __etext

.data           0x20000000      0x844 load address 0x0800308c
                0x20000000                __data_start__ = .
                0x20000000                _sdata = __data_start__
 *(vtable)
 *(.data*)
 .data          0x20000000        0x1 ..\obj\spi_sd.o
 *fill*         0x20000001        0x3 
 .data.__malloc_av_
                0x20000004      0x408 c:/program files (x86)/gnu tools arm embedded/5.2 2015q4/bin/../lib/gcc/arm-none-eabi/5.2.1/../../../../arm-none-eabi/lib/armv7e-m\libg.a(lib_a-mallocr.o)
                0x20000004                __malloc_av_
 .data.__malloc_trim_threshold
                0x2000040c        0x4 c:/program files (x86)/gnu tools arm embedded/5.2 2015q4/bin/../lib/gcc/arm-none-eabi/5.2.1/../../../../arm-none-eabi/lib/armv7e-m\libg.a(lib_a-mallocr.o)
                0x2000040c                __malloc_trim_threshold
 .data.__malloc_sbrk_base
                0x20000410        0x4 c:/program files (x86)/gnu tools arm embedded/5.2 2015q4/bin/../lib/gcc/arm-none-eabi/5.2.1/../../../../arm-none-eabi/lib/armv7e-m\libg.a(lib_a-mallocr.o)
                0x20000410                __malloc_sbrk_base
 *fill*         0x20000414        0x4 
 .data.impure_data
                0x20000418      0x428 c:/program files (x86)/gnu tools arm embedded/5.2 2015q4/bin/../lib/gcc/arm-none-eabi/5.2.1/../../../../arm-none-eabi/lib/armv7e-m\libg.a(lib_a-impure.o)
 .data._impure_ptr
                0x20000840        0x4 c:/program files (x86)/gnu tools arm embedded/5.2 2015q4/bin/../lib/gcc/arm-none-eabi/5.2.1/../../../../arm-none-eabi/lib/armv7e-m\libg.a(lib_a-impure.o)
                0x20000840                _impure_ptr
                0x20000844                . = ALIGN (0x4)
                [!provide]                PROVIDE (__preinit_array_start, .)
 *(.preinit_array)
                [!provide]                PROVIDE (__preinit_array_end, .)
                0x20000844                . = ALIGN (0x4)
                [!provide]                PROVIDE (__init_array_start, .)
 *(SORT(.init_array.*))
 *(.init_array)
                [!provide]                PROVIDE (__init_array_end, .)
                0x20000844                . = ALIGN (0x4)
                [!provide]                PROVIDE (__fini_array_start, .)
 *(SORT(.fini_array.*))
 *(.fini_array)
                [!provide]                PROVIDE (__fini_array_end, .)
 *(.jcr*)
                0x20000844                . = ALIGN (0x4)
                0x20000844                __data_end__ = .
                0x20000844                _edata = __data_end__

.igot.plt       0x20000844        0x0 load address 0x080038d0
 .igot.plt      0x20000844        0x0 ..\obj\delay.o

.bss            0x20000844      0x27c load address 0x080038d0
                0x20000844                . = ALIGN (0x4)
                0x20000844                __bss_start__ = .
                0x20000844                _sbss = __bss_start__
 *(.bss*)
 .bss           0x20000844        0x1 ..\obj\delay.o
 .bss           0x20000845        0x4 ..\obj\spi_sd.o
 *fill*         0x20000849        0x3 
 .bss           0x2000084c        0x4 ..\obj\syscalls.o
 .bss           0x20000850        0x6 ..\obj\ff.o
 *fill*         0x20000856        0x2 
 .bss.__malloc_max_total_mem
                0x20000858        0x4 c:/program files (x86)/gnu tools arm embedded/5.2 2015q4/bin/../lib/gcc/arm-none-eabi/5.2.1/../../../../arm-none-eabi/lib/armv7e-m\libg.a(lib_a-mallocr.o)
                0x20000858                __malloc_max_total_mem
 .bss.__malloc_max_sbrked_mem
                0x2000085c        0x4 c:/program files (x86)/gnu tools arm embedded/5.2 2015q4/bin/../lib/gcc/arm-none-eabi/5.2.1/../../../../arm-none-eabi/lib/armv7e-m\libg.a(lib_a-mallocr.o)
                0x2000085c                __malloc_max_sbrked_mem
 .bss.__malloc_top_pad
                0x20000860        0x4 c:/program files (x86)/gnu tools arm embedded/5.2 2015q4/bin/../lib/gcc/arm-none-eabi/5.2.1/../../../../arm-none-eabi/lib/armv7e-m\libg.a(lib_a-mallocr.o)
                0x20000860                __malloc_top_pad
 .bss.__malloc_current_mallinfo
                0x20000864       0x28 c:/program files (x86)/gnu tools arm embedded/5.2 2015q4/bin/../lib/gcc/arm-none-eabi/5.2.1/../../../../arm-none-eabi/lib/armv7e-m\libg.a(lib_a-mallocr.o)
                0x20000864                __malloc_current_mallinfo
 *(COMMON)
 COMMON         0x2000088c      0x230 ..\obj\main.o
                0x2000088c                fatfs
 COMMON         0x20000abc        0x4 c:/program files (x86)/gnu tools arm embedded/5.2 2015q4/bin/../lib/gcc/arm-none-eabi/5.2.1/../../../../arm-none-eabi/lib/armv7e-m\libg.a(lib_a-reent.o)
                0x20000abc                errno
                0x20000ac0                . = ALIGN (0x4)
                0x20000ac0                __bss_end__ = .
                0x20000ac0                _ebss = __bss_end__

.heap           0x20000ac0        0x0
                0x20000ac0                __end__ = .
                0x20000ac0                _end = __end__
                0x20000ac0                end = __end__
 *(.heap*)
                0x20000ac0                __HeapLimit = .

.co_stack       0x20000ac0      0x800 load address 0x08003b4c
                0x20000ac0                . = ALIGN (0x8)
 *(.co_stack .co_stack.*)
 .co_stack      0x20000ac0      0x800 ..\obj\startup_stm32f4xx.o
                0x20000ac0                pulStack
                0x20020000                __StackTop = (ORIGIN (ram) + LENGTH (ram))
                0x2001f800                __StackLimit = (__StackTop - SIZEOF (.co_stack))
                [!provide]                PROVIDE (__stack, __StackTop)
                0x00000001                ASSERT ((__StackLimit >= __HeapLimit), region ram  overflowed with stack)
LOAD ..\obj\delay.o
LOAD ..\obj\startup_stm32f4xx.o
LOAD ..\obj\fpu.o
LOAD ..\obj\main.o
LOAD ..\obj\stm32f4xx_rcc.o
LOAD ..\obj\spi_sd.o
LOAD ..\obj\stm32f4xx_gpio.o
LOAD ..\obj\system_stm32f4xx.o
LOAD ..\obj\syscalls.o
LOAD ..\obj\Lista.o
LOAD ..\obj\ff.o
LOAD ..\obj\stm32f4xx_spi.o
LOAD ..\obj\misc.o
LOAD ..\obj\stm32f4xx_rtc.o
START GROUP
LOAD c:/program files (x86)/gnu tools arm embedded/5.2 2015q4/bin/../lib/gcc/arm-none-eabi/5.2.1/armv7e-m\libgcc.a
LOAD c:/program files (x86)/gnu tools arm embedded/5.2 2015q4/bin/../lib/gcc/arm-none-eabi/5.2.1/../../../../arm-none-eabi/lib/armv7e-m\libg.a
LOAD c:/program files (x86)/gnu tools arm embedded/5.2 2015q4/bin/../lib/gcc/arm-none-eabi/5.2.1/../../../../arm-none-eabi/lib/armv7e-m\libc.a
END GROUP
OUTPUT(STMwavPlayerMR.elf elf32-littlearm)

.debug_info     0x00000000     0x6011
 .debug_info    0x00000000      0x1b5 ..\obj\delay.o
 .debug_info    0x000001b5       0xed ..\obj\startup_stm32f4xx.o
 .debug_info    0x000002a2      0x267 ..\obj\fpu.o
 .debug_info    0x00000509      0xbe7 ..\obj\main.o
 .debug_info    0x000010f0      0xc59 ..\obj\stm32f4xx_rcc.o
 .debug_info    0x00001d49      0xb3a ..\obj\spi_sd.o
 .debug_info    0x00002883      0x61a ..\obj\stm32f4xx_gpio.o
 .debug_info    0x00002e9d      0x596 ..\obj\system_stm32f4xx.o
 .debug_info    0x00003433      0x3f5 ..\obj\syscalls.o
 .debug_info    0x00003828      0x17b ..\obj\Lista.o
 .debug_info    0x000039a3     0x161e ..\obj\ff.o
 .debug_info    0x00004fc1      0xb0f ..\obj\stm32f4xx_spi.o
 .debug_info    0x00005ad0      0x541 ..\obj\misc.o

.debug_abbrev   0x00000000     0x1220
 .debug_abbrev  0x00000000       0xed ..\obj\delay.o
 .debug_abbrev  0x000000ed       0xb0 ..\obj\startup_stm32f4xx.o
 .debug_abbrev  0x0000019d       0xb6 ..\obj\fpu.o
 .debug_abbrev  0x00000253      0x20e ..\obj\main.o
 .debug_abbrev  0x00000461      0x1e5 ..\obj\stm32f4xx_rcc.o
 .debug_abbrev  0x00000646      0x2a8 ..\obj\spi_sd.o
 .debug_abbrev  0x000008ee      0x1a7 ..\obj\stm32f4xx_gpio.o
 .debug_abbrev  0x00000a95      0x138 ..\obj\system_stm32f4xx.o
 .debug_abbrev  0x00000bcd       0xe5 ..\obj\syscalls.o
 .debug_abbrev  0x00000cb2       0xf4 ..\obj\Lista.o
 .debug_abbrev  0x00000da6      0x1ca ..\obj\ff.o
 .debug_abbrev  0x00000f70      0x169 ..\obj\stm32f4xx_spi.o
 .debug_abbrev  0x000010d9      0x147 ..\obj\misc.o

.debug_aranges  0x00000000      0x690
 .debug_aranges
                0x00000000       0x30 ..\obj\delay.o
 .debug_aranges
                0x00000030       0x28 ..\obj\startup_stm32f4xx.o
 .debug_aranges
                0x00000058       0x20 ..\obj\fpu.o
 .debug_aranges
                0x00000078       0x38 ..\obj\main.o
 .debug_aranges
                0x000000b0      0x178 ..\obj\stm32f4xx_rcc.o
 .debug_aranges
                0x00000228       0xb8 ..\obj\spi_sd.o
 .debug_aranges
                0x000002e0       0x88 ..\obj\stm32f4xx_gpio.o
 .debug_aranges
                0x00000368       0x30 ..\obj\system_stm32f4xx.o
 .debug_aranges
                0x00000398       0x60 ..\obj\syscalls.o
 .debug_aranges
                0x000003f8       0x20 ..\obj\Lista.o
 .debug_aranges
                0x00000418      0x158 ..\obj\ff.o
 .debug_aranges
                0x00000570       0xe0 ..\obj\stm32f4xx_spi.o
 .debug_aranges
                0x00000650       0x40 ..\obj\misc.o

.debug_ranges   0x00000000      0x5c0
 .debug_ranges  0x00000000       0x20 ..\obj\delay.o
 .debug_ranges  0x00000020       0x18 ..\obj\startup_stm32f4xx.o
 .debug_ranges  0x00000038       0x10 ..\obj\fpu.o
 .debug_ranges  0x00000048       0x28 ..\obj\main.o
 .debug_ranges  0x00000070      0x168 ..\obj\stm32f4xx_rcc.o
 .debug_ranges  0x000001d8       0xa8 ..\obj\spi_sd.o
 .debug_ranges  0x00000280       0x78 ..\obj\stm32f4xx_gpio.o
 .debug_ranges  0x000002f8       0x20 ..\obj\system_stm32f4xx.o
 .debug_ranges  0x00000318       0x50 ..\obj\syscalls.o
 .debug_ranges  0x00000368       0x10 ..\obj\Lista.o
 .debug_ranges  0x00000378      0x148 ..\obj\ff.o
 .debug_ranges  0x000004c0       0xd0 ..\obj\stm32f4xx_spi.o
 .debug_ranges  0x00000590       0x30 ..\obj\misc.o

.debug_line     0x00000000     0x2c15
 .debug_line    0x00000000      0x1a2 ..\obj\delay.o
 .debug_line    0x000001a2       0xa2 ..\obj\startup_stm32f4xx.o
 .debug_line    0x00000244      0x168 ..\obj\fpu.o
 .debug_line    0x000003ac      0x292 ..\obj\main.o
 .debug_line    0x0000063e      0x5c9 ..\obj\stm32f4xx_rcc.o
 .debug_line    0x00000c07      0x5f8 ..\obj\spi_sd.o
 .debug_line    0x000011ff      0x384 ..\obj\stm32f4xx_gpio.o
 .debug_line    0x00001583      0x204 ..\obj\system_stm32f4xx.o
 .debug_line    0x00001787      0x187 ..\obj\syscalls.o
 .debug_line    0x0000190e       0x99 ..\obj\Lista.o
 .debug_line    0x000019a7      0xb8f ..\obj\ff.o
 .debug_line    0x00002536      0x47d ..\obj\stm32f4xx_spi.o
 .debug_line    0x000029b3      0x262 ..\obj\misc.o

.debug_str      0x00000000     0x2051
 .debug_str     0x00000000      0x183 ..\obj\delay.o
                                0x1e0 (size before relaxing)
 .debug_str     0x00000183       0xb1 ..\obj\startup_stm32f4xx.o
                                0x148 (size before relaxing)
 .debug_str     0x00000234       0x98 ..\obj\fpu.o
                                0x1e6 (size before relaxing)
 .debug_str     0x000002cc      0x986 ..\obj\main.o
                                0xb95 (size before relaxing)
 .debug_str     0x00000c52      0x66e ..\obj\stm32f4xx_rcc.o
                                0x851 (size before relaxing)
 .debug_str     0x000012c0      0x25f ..\obj\spi_sd.o
                                0x6ab (size before relaxing)
 .debug_str     0x0000151f      0x19f ..\obj\stm32f4xx_gpio.o
                                0x4a4 (size before relaxing)
 .debug_str     0x000016be       0xc5 ..\obj\system_stm32f4xx.o
                                0x3ab (size before relaxing)
 .debug_str     0x00001783      0x197 ..\obj\syscalls.o
                                0x2e7 (size before relaxing)
 .debug_str     0x0000191a       0x41 ..\obj\Lista.o
                                0x1b8 (size before relaxing)
 .debug_str     0x0000195b      0x266 ..\obj\ff.o
                                0x5a6 (size before relaxing)
 .debug_str     0x00001bc1      0x30b ..\obj\stm32f4xx_spi.o
                                0x68b (size before relaxing)
 .debug_str     0x00001ecc      0x185 ..\obj\misc.o
                                0x3cf (size before relaxing)

.comment        0x00000000       0x6e
 .comment       0x00000000       0x6e ..\obj\delay.o
                                 0x6f (size before relaxing)
 .comment       0x0000006e       0x6f ..\obj\startup_stm32f4xx.o
 .comment       0x0000006e       0x6f ..\obj\fpu.o
 .comment       0x0000006e       0x6f ..\obj\main.o
 .comment       0x0000006e       0x6f ..\obj\stm32f4xx_rcc.o
 .comment       0x0000006e       0x6f ..\obj\spi_sd.o
 .comment       0x0000006e       0x6f ..\obj\stm32f4xx_gpio.o
 .comment       0x0000006e       0x6f ..\obj\system_stm32f4xx.o
 .comment       0x0000006e       0x6f ..\obj\syscalls.o
 .comment       0x0000006e       0x6f ..\obj\Lista.o
 .comment       0x0000006e       0x6f ..\obj\ff.o
 .comment       0x0000006e       0x6f ..\obj\stm32f4xx_spi.o
 .comment       0x0000006e       0x6f ..\obj\misc.o

.ARM.attributes
                0x00000000       0x33
 .ARM.attributes
                0x00000000       0x33 ..\obj\delay.o
 .ARM.attributes
                0x00000033       0x33 ..\obj\startup_stm32f4xx.o
 .ARM.attributes
                0x00000066       0x33 ..\obj\fpu.o
 .ARM.attributes
                0x00000099       0x33 ..\obj\main.o
 .ARM.attributes
                0x000000cc       0x33 ..\obj\stm32f4xx_rcc.o
 .ARM.attributes
                0x000000ff       0x33 ..\obj\spi_sd.o
 .ARM.attributes
                0x00000132       0x33 ..\obj\stm32f4xx_gpio.o
 .ARM.attributes
                0x00000165       0x33 ..\obj\system_stm32f4xx.o
 .ARM.attributes
                0x00000198       0x33 ..\obj\syscalls.o
 .ARM.attributes
                0x000001cb       0x33 ..\obj\Lista.o
 .ARM.attributes
                0x000001fe       0x33 ..\obj\ff.o
 .ARM.attributes
                0x00000231       0x33 ..\obj\stm32f4xx_spi.o
 .ARM.attributes
                0x00000264       0x33 ..\obj\misc.o
 .ARM.attributes
                0x00000297       0x2e c:/program files (x86)/gnu tools arm embedded/5.2 2015q4/bin/../lib/gcc/arm-none-eabi/5.2.1/../../../../arm-none-eabi/lib/armv7e-m\libg.a(lib_a-malloc.o)
 .ARM.attributes
                0x000002c5       0x2e c:/program files (x86)/gnu tools arm embedded/5.2 2015q4/bin/../lib/gcc/arm-none-eabi/5.2.1/../../../../arm-none-eabi/lib/armv7e-m\libg.a(lib_a-mallocr.o)
 .ARM.attributes
                0x000002f3       0x2e c:/program files (x86)/gnu tools arm embedded/5.2 2015q4/bin/../lib/gcc/arm-none-eabi/5.2.1/../../../../arm-none-eabi/lib/armv7e-m\libg.a(lib_a-mlock.o)
 .ARM.attributes
                0x00000321       0x2e c:/program files (x86)/gnu tools arm embedded/5.2 2015q4/bin/../lib/gcc/arm-none-eabi/5.2.1/../../../../arm-none-eabi/lib/armv7e-m\libg.a(lib_a-sbrkr.o)
 .ARM.attributes
                0x0000034f       0x2e c:/program files (x86)/gnu tools arm embedded/5.2 2015q4/bin/../lib/gcc/arm-none-eabi/5.2.1/../../../../arm-none-eabi/lib/armv7e-m\libg.a(lib_a-freer.o)
 .ARM.attributes
                0x0000037d       0x2e c:/program files (x86)/gnu tools arm embedded/5.2 2015q4/bin/../lib/gcc/arm-none-eabi/5.2.1/../../../../arm-none-eabi/lib/armv7e-m\libg.a(lib_a-impure.o)
 .ARM.attributes
                0x000003ab       0x2e c:/program files (x86)/gnu tools arm embedded/5.2 2015q4/bin/../lib/gcc/arm-none-eabi/5.2.1/../../../../arm-none-eabi/lib/armv7e-m\libg.a(lib_a-reent.o)

.debug_frame    0x00000000     0x1c20
 .debug_frame   0x00000000       0x84 ..\obj\delay.o
 .debug_frame   0x00000084       0x4c ..\obj\startup_stm32f4xx.o
 .debug_frame   0x000000d0       0x30 ..\obj\fpu.o
 .debug_frame   0x00000100       0xa0 ..\obj\main.o
 .debug_frame   0x000001a0      0x6d4 ..\obj\stm32f4xx_rcc.o
 .debug_frame   0x00000874      0x2e4 ..\obj\spi_sd.o
 .debug_frame   0x00000b58      0x23c ..\obj\stm32f4xx_gpio.o
 .debug_frame   0x00000d94       0x7c ..\obj\system_stm32f4xx.o
 .debug_frame   0x00000e10      0x168 ..\obj\syscalls.o
 .debug_frame   0x00000f78       0x44 ..\obj\Lista.o
 .debug_frame   0x00000fbc      0x5e8 ..\obj\ff.o
 .debug_frame   0x000015a4      0x3f4 ..\obj\stm32f4xx_spi.o
 .debug_frame   0x00001998       0xd8 ..\obj\misc.o
 .debug_frame   0x00001a70       0x30 c:/program files (x86)/gnu tools arm embedded/5.2 2015q4/bin/../lib/gcc/arm-none-eabi/5.2.1/../../../../arm-none-eabi/lib/armv7e-m\libg.a(lib_a-malloc.o)
 .debug_frame   0x00001aa0       0x58 c:/program files (x86)/gnu tools arm embedded/5.2 2015q4/bin/../lib/gcc/arm-none-eabi/5.2.1/../../../../arm-none-eabi/lib/armv7e-m\libg.a(lib_a-mallocr.o)
 .debug_frame   0x00001af8       0x30 c:/program files (x86)/gnu tools arm embedded/5.2 2015q4/bin/../lib/gcc/arm-none-eabi/5.2.1/../../../../arm-none-eabi/lib/armv7e-m\libg.a(lib_a-mlock.o)
 .debug_frame   0x00001b28       0x2c c:/program files (x86)/gnu tools arm embedded/5.2 2015q4/bin/../lib/gcc/arm-none-eabi/5.2.1/../../../../arm-none-eabi/lib/armv7e-m\libg.a(lib_a-sbrkr.o)
 .debug_frame   0x00001b54       0x74 c:/program files (x86)/gnu tools arm embedded/5.2 2015q4/bin/../lib/gcc/arm-none-eabi/5.2.1/../../../../arm-none-eabi/lib/armv7e-m\libg.a(lib_a-freer.o)
 .debug_frame   0x00001bc8       0x58 c:/program files (x86)/gnu tools arm embedded/5.2 2015q4/bin/../lib/gcc/arm-none-eabi/5.2.1/../../../../arm-none-eabi/lib/armv7e-m\libg.a(lib_a-reent.o)
