Archive member included because of file (symbol)

c:/program files (x86)/gnu tools arm embedded/4.9 2015q3/bin/../lib/gcc/arm-none-eabi/4.9.3/../../../../arm-none-eabi/lib/armv7e-m\libg.a(lib_a-malloc.o)
                              ..\obj\Lista.o (malloc)
c:/program files (x86)/gnu tools arm embedded/4.9 2015q3/bin/../lib/gcc/arm-none-eabi/4.9.3/../../../../arm-none-eabi/lib/armv7e-m\libg.a(lib_a-mallocr.o)
                              c:/program files (x86)/gnu tools arm embedded/4.9 2015q3/bin/../lib/gcc/arm-none-eabi/4.9.3/../../../../arm-none-eabi/lib/armv7e-m\libg.a(lib_a-malloc.o) (_malloc_r)
c:/program files (x86)/gnu tools arm embedded/4.9 2015q3/bin/../lib/gcc/arm-none-eabi/4.9.3/../../../../arm-none-eabi/lib/armv7e-m\libg.a(lib_a-mlock.o)
                              c:/program files (x86)/gnu tools arm embedded/4.9 2015q3/bin/../lib/gcc/arm-none-eabi/4.9.3/../../../../arm-none-eabi/lib/armv7e-m\libg.a(lib_a-mallocr.o) (__malloc_lock)
c:/program files (x86)/gnu tools arm embedded/4.9 2015q3/bin/../lib/gcc/arm-none-eabi/4.9.3/../../../../arm-none-eabi/lib/armv7e-m\libg.a(lib_a-sbrkr.o)
                              c:/program files (x86)/gnu tools arm embedded/4.9 2015q3/bin/../lib/gcc/arm-none-eabi/4.9.3/../../../../arm-none-eabi/lib/armv7e-m\libg.a(lib_a-mallocr.o) (_sbrk_r)
c:/program files (x86)/gnu tools arm embedded/4.9 2015q3/bin/../lib/gcc/arm-none-eabi/4.9.3/../../../../arm-none-eabi/lib/armv7e-m\libg.a(lib_a-freer.o)
                              c:/program files (x86)/gnu tools arm embedded/4.9 2015q3/bin/../lib/gcc/arm-none-eabi/4.9.3/../../../../arm-none-eabi/lib/armv7e-m\libg.a(lib_a-malloc.o) (_free_r)
c:/program files (x86)/gnu tools arm embedded/4.9 2015q3/bin/../lib/gcc/arm-none-eabi/4.9.3/../../../../arm-none-eabi/lib/armv7e-m\libg.a(lib_a-impure.o)
                              c:/program files (x86)/gnu tools arm embedded/4.9 2015q3/bin/../lib/gcc/arm-none-eabi/4.9.3/../../../../arm-none-eabi/lib/armv7e-m\libg.a(lib_a-malloc.o) (_impure_ptr)
c:/program files (x86)/gnu tools arm embedded/4.9 2015q3/bin/../lib/gcc/arm-none-eabi/4.9.3/../../../../arm-none-eabi/lib/armv7e-m\libg.a(lib_a-reent.o)
                              c:/program files (x86)/gnu tools arm embedded/4.9 2015q3/bin/../lib/gcc/arm-none-eabi/4.9.3/../../../../arm-none-eabi/lib/armv7e-m\libg.a(lib_a-sbrkr.o) (errno)

Allocating common symbols
Common symbol       size              file

errno               0x4               c:/program files (x86)/gnu tools arm embedded/4.9 2015q3/bin/../lib/gcc/arm-none-eabi/4.9.3/../../../../arm-none-eabi/lib/armv7e-m\libg.a(lib_a-reent.o)
plik                0x224             ..\obj\main.o
fatfs               0x230             ..\obj\main.o

Discarded input sections

 .text          0x00000000        0x0 ..\obj\stm32f4xx_syscfg.o
 .data          0x00000000        0x0 ..\obj\stm32f4xx_syscfg.o
 .bss           0x00000000        0x0 ..\obj\stm32f4xx_syscfg.o
 .text.SYSCFG_DeInit
                0x00000000       0x1c ..\obj\stm32f4xx_syscfg.o
 .text.SYSCFG_MemoryRemapConfig
                0x00000000       0x20 ..\obj\stm32f4xx_syscfg.o
 .text.SYSCFG_ETH_MediaInterfaceConfig
                0x00000000       0x1c ..\obj\stm32f4xx_syscfg.o
 .text.SYSCFG_CompensationCellCmd
                0x00000000       0x20 ..\obj\stm32f4xx_syscfg.o
 .text.SYSCFG_GetCompensationCellStatus
                0x00000000       0x34 ..\obj\stm32f4xx_syscfg.o
 .text          0x00000000        0x0 ..\obj\delay.o
 .data          0x00000000        0x0 ..\obj\delay.o
 .text          0x00000000        0x0 ..\obj\startup_stm32f4xx.o
 .data          0x00000000        0x0 ..\obj\startup_stm32f4xx.o
 .bss           0x00000000        0x0 ..\obj\startup_stm32f4xx.o
 .text          0x00000000        0x0 ..\obj\fpu.o
 .data          0x00000000        0x0 ..\obj\fpu.o
 .bss           0x00000000        0x0 ..\obj\fpu.o
 .text          0x00000000        0x0 ..\obj\main.o
 .data          0x00000000        0x0 ..\obj\main.o
 .bss           0x00000000        0x0 ..\obj\main.o
 .text          0x00000000        0x0 ..\obj\stm32f4xx_rcc.o
 .data          0x00000000       0x10 ..\obj\stm32f4xx_rcc.o
 .bss           0x00000000        0x0 ..\obj\stm32f4xx_rcc.o
 .text.RCC_DeInit
                0x00000000       0x50 ..\obj\stm32f4xx_rcc.o
 .text.RCC_HSEConfig
                0x00000000       0x24 ..\obj\stm32f4xx_rcc.o
 .text.RCC_WaitForHSEStartUp
                0x00000000       0x50 ..\obj\stm32f4xx_rcc.o
 .text.RCC_AdjustHSICalibrationValue
                0x00000000       0x3c ..\obj\stm32f4xx_rcc.o
 .text.RCC_HSICmd
                0x00000000       0x20 ..\obj\stm32f4xx_rcc.o
 .text.RCC_LSEConfig
                0x00000000       0x40 ..\obj\stm32f4xx_rcc.o
 .text.RCC_LSICmd
                0x00000000       0x20 ..\obj\stm32f4xx_rcc.o
 .text.RCC_PLLConfig
                0x00000000       0x3c ..\obj\stm32f4xx_rcc.o
 .text.RCC_PLLCmd
                0x00000000       0x20 ..\obj\stm32f4xx_rcc.o
 .text.RCC_PLLI2SConfig
                0x00000000       0x28 ..\obj\stm32f4xx_rcc.o
 .text.RCC_PLLI2SCmd
                0x00000000       0x20 ..\obj\stm32f4xx_rcc.o
 .text.RCC_ClockSecuritySystemCmd
                0x00000000       0x20 ..\obj\stm32f4xx_rcc.o
 .text.RCC_MCO1Config
                0x00000000       0x3c ..\obj\stm32f4xx_rcc.o
 .text.RCC_MCO2Config
                0x00000000       0x3c ..\obj\stm32f4xx_rcc.o
 .text.RCC_SYSCLKConfig
                0x00000000       0x38 ..\obj\stm32f4xx_rcc.o
 .text.RCC_GetSYSCLKSource
                0x00000000       0x20 ..\obj\stm32f4xx_rcc.o
 .text.RCC_HCLKConfig
                0x00000000       0x38 ..\obj\stm32f4xx_rcc.o
 .text.RCC_PCLK1Config
                0x00000000       0x38 ..\obj\stm32f4xx_rcc.o
 .text.RCC_PCLK2Config
                0x00000000       0x38 ..\obj\stm32f4xx_rcc.o
 .text.RCC_GetClocksFreq
                0x00000000      0x154 ..\obj\stm32f4xx_rcc.o
 .text.RCC_RTCCLKConfig
                0x00000000       0x5c ..\obj\stm32f4xx_rcc.o
 .text.RCC_RTCCLKCmd
                0x00000000       0x20 ..\obj\stm32f4xx_rcc.o
 .text.RCC_BackupResetCmd
                0x00000000       0x20 ..\obj\stm32f4xx_rcc.o
 .text.RCC_I2SCLKConfig
                0x00000000       0x1c ..\obj\stm32f4xx_rcc.o
 .text.RCC_AHB2PeriphClockCmd
                0x00000000       0x3c ..\obj\stm32f4xx_rcc.o
 .text.RCC_AHB3PeriphClockCmd
                0x00000000       0x3c ..\obj\stm32f4xx_rcc.o
 .text.RCC_APB2PeriphClockCmd
                0x00000000       0x3c ..\obj\stm32f4xx_rcc.o
 .text.RCC_AHB1PeriphResetCmd
                0x00000000       0x3c ..\obj\stm32f4xx_rcc.o
 .text.RCC_AHB2PeriphResetCmd
                0x00000000       0x3c ..\obj\stm32f4xx_rcc.o
 .text.RCC_AHB3PeriphResetCmd
                0x00000000       0x3c ..\obj\stm32f4xx_rcc.o
 .text.RCC_APB1PeriphResetCmd
                0x00000000       0x3c ..\obj\stm32f4xx_rcc.o
 .text.RCC_APB2PeriphResetCmd
                0x00000000       0x3c ..\obj\stm32f4xx_rcc.o
 .text.RCC_AHB1PeriphClockLPModeCmd
                0x00000000       0x3c ..\obj\stm32f4xx_rcc.o
 .text.RCC_AHB2PeriphClockLPModeCmd
                0x00000000       0x3c ..\obj\stm32f4xx_rcc.o
 .text.RCC_AHB3PeriphClockLPModeCmd
                0x00000000       0x3c ..\obj\stm32f4xx_rcc.o
 .text.RCC_APB1PeriphClockLPModeCmd
                0x00000000       0x3c ..\obj\stm32f4xx_rcc.o
 .text.RCC_APB2PeriphClockLPModeCmd
                0x00000000       0x3c ..\obj\stm32f4xx_rcc.o
 .text.RCC_ITConfig
                0x00000000       0x4c ..\obj\stm32f4xx_rcc.o
 .text.RCC_GetFlagStatus
                0x00000000       0x74 ..\obj\stm32f4xx_rcc.o
 .text.RCC_ClearFlag
                0x00000000       0x1c ..\obj\stm32f4xx_rcc.o
 .text.RCC_GetITStatus
                0x00000000       0x38 ..\obj\stm32f4xx_rcc.o
 .text.RCC_ClearITPendingBit
                0x00000000       0x20 ..\obj\stm32f4xx_rcc.o
 .text          0x00000000        0x0 ..\obj\spi_sd.o
 .text.chk_power
                0x00000000       0x18 ..\obj\spi_sd.o
 .text.disk_ioctl
                0x00000000      0x254 ..\obj\spi_sd.o
 .text          0x00000000        0x0 ..\obj\stm32f4xx_gpio.o
 .data          0x00000000        0x0 ..\obj\stm32f4xx_gpio.o
 .bss           0x00000000        0x0 ..\obj\stm32f4xx_gpio.o
 .text.GPIO_DeInit
                0x00000000      0x120 ..\obj\stm32f4xx_gpio.o
 .text.GPIO_StructInit
                0x00000000       0x34 ..\obj\stm32f4xx_gpio.o
 .text.GPIO_PinLockConfig
                0x00000000       0x44 ..\obj\stm32f4xx_gpio.o
 .text.GPIO_ReadInputDataBit
                0x00000000       0x34 ..\obj\stm32f4xx_gpio.o
 .text.GPIO_ReadInputData
                0x00000000       0x1c ..\obj\stm32f4xx_gpio.o
 .text.GPIO_ReadOutputDataBit
                0x00000000       0x34 ..\obj\stm32f4xx_gpio.o
 .text.GPIO_ReadOutputData
                0x00000000       0x1c ..\obj\stm32f4xx_gpio.o
 .text.GPIO_ResetBits
                0x00000000       0x1c ..\obj\stm32f4xx_gpio.o
 .text.GPIO_WriteBit
                0x00000000       0x30 ..\obj\stm32f4xx_gpio.o
 .text.GPIO_Write
                0x00000000       0x1c ..\obj\stm32f4xx_gpio.o
 .text          0x00000000        0x0 ..\obj\system_stm32f4xx.o
 .data          0x00000000       0x14 ..\obj\system_stm32f4xx.o
 .bss           0x00000000        0x0 ..\obj\system_stm32f4xx.o
 .text.SystemCoreClockUpdate
                0x00000000       0xf8 ..\obj\system_stm32f4xx.o
 .text          0x00000000        0x0 ..\obj\syscalls.o
 .data          0x00000000        0x0 ..\obj\syscalls.o
 .text.link     0x00000000       0x1c ..\obj\syscalls.o
 .text._close   0x00000000       0x18 ..\obj\syscalls.o
 .text._fstat   0x00000000       0x20 ..\obj\syscalls.o
 .text._isatty  0x00000000       0x18 ..\obj\syscalls.o
 .text._lseek   0x00000000       0x1c ..\obj\syscalls.o
 .text._read    0x00000000       0x1c ..\obj\syscalls.o
 .text._write   0x00000000       0x1c ..\obj\syscalls.o
 .text.abort    0x00000000        0x8 ..\obj\syscalls.o
 .text          0x00000000        0x0 ..\obj\Lista.o
 .data          0x00000000        0x0 ..\obj\Lista.o
 .bss           0x00000000        0x0 ..\obj\Lista.o
 .text          0x00000000        0x0 ..\obj\ff.o
 .data          0x00000000        0x0 ..\obj\ff.o
 .text.sync     0x00000000      0x14c ..\obj\ff.o
 .text.dir_remove
                0x00000000       0x54 ..\obj\ff.o
 .text.f_read   0x00000000      0x2bc ..\obj\ff.o
 .text.f_write  0x00000000      0x314 ..\obj\ff.o
 .text.f_sync   0x00000000      0x184 ..\obj\ff.o
 .text.f_close  0x00000000       0x28 ..\obj\ff.o
 .text.f_lseek  0x00000000      0x2b4 ..\obj\ff.o
 .text.f_stat   0x00000000       0x70 ..\obj\ff.o
 .text.f_getfree
                0x00000000      0x19c ..\obj\ff.o
 .text.f_truncate
                0x00000000      0x11c ..\obj\ff.o
 .text.f_unlink
                0x00000000      0x180 ..\obj\ff.o
 .text.f_mkdir  0x00000000      0x2d8 ..\obj\ff.o
 .text.f_chmod  0x00000000       0xac ..\obj\ff.o
 .text.f_utime  0x00000000       0xb4 ..\obj\ff.o
 .text.f_rename
                0x00000000      0x214 ..\obj\ff.o
 .text          0x00000000        0x0 ..\obj\stm32f4xx_spi.o
 .data          0x00000000        0x0 ..\obj\stm32f4xx_spi.o
 .bss           0x00000000        0x0 ..\obj\stm32f4xx_spi.o
 .text.SPI_I2S_DeInit
                0x00000000       0x74 ..\obj\stm32f4xx_spi.o
 .text.I2S_Init
                0x00000000      0x1b4 ..\obj\stm32f4xx_spi.o
 .text.SPI_StructInit
                0x00000000       0x48 ..\obj\stm32f4xx_spi.o
 .text.I2S_StructInit
                0x00000000       0x38 ..\obj\stm32f4xx_spi.o
 .text.I2S_Cmd  0x00000000       0x40 ..\obj\stm32f4xx_spi.o
 .text.SPI_DataSizeConfig
                0x00000000       0x38 ..\obj\stm32f4xx_spi.o
 .text.SPI_BiDirectionalLineConfig
                0x00000000       0x40 ..\obj\stm32f4xx_spi.o
 .text.SPI_NSSInternalSoftwareConfig
                0x00000000       0x44 ..\obj\stm32f4xx_spi.o
 .text.SPI_SSOutputCmd
                0x00000000       0x40 ..\obj\stm32f4xx_spi.o
 .text.SPI_TIModeCmd
                0x00000000       0x40 ..\obj\stm32f4xx_spi.o
 .text.I2S_FullDuplexConfig
                0x00000000       0x9c ..\obj\stm32f4xx_spi.o
 .text.SPI_I2S_ReceiveData
                0x00000000       0x1c ..\obj\stm32f4xx_spi.o
 .text.SPI_I2S_SendData
                0x00000000       0x1c ..\obj\stm32f4xx_spi.o
 .text.SPI_TransmitCRC
                0x00000000       0x24 ..\obj\stm32f4xx_spi.o
 .text.SPI_GetCRC
                0x00000000       0x34 ..\obj\stm32f4xx_spi.o
 .text.SPI_GetCRCPolynomial
                0x00000000       0x1c ..\obj\stm32f4xx_spi.o
 .text.SPI_I2S_DMACmd
                0x00000000       0x48 ..\obj\stm32f4xx_spi.o
 .text.SPI_I2S_ITConfig
                0x00000000       0x60 ..\obj\stm32f4xx_spi.o
 .text.SPI_I2S_GetFlagStatus
                0x00000000       0x38 ..\obj\stm32f4xx_spi.o
 .text.SPI_I2S_ClearFlag
                0x00000000       0x20 ..\obj\stm32f4xx_spi.o
 .text.SPI_I2S_GetITStatus
                0x00000000       0x78 ..\obj\stm32f4xx_spi.o
 .text.SPI_I2S_ClearITPendingBit
                0x00000000       0x34 ..\obj\stm32f4xx_spi.o
 .text          0x00000000        0x0 ..\obj\stm32f4xx_exti.o
 .data          0x00000000        0x0 ..\obj\stm32f4xx_exti.o
 .bss           0x00000000        0x0 ..\obj\stm32f4xx_exti.o
 .text.EXTI_DeInit
                0x00000000       0x34 ..\obj\stm32f4xx_exti.o
 .text.EXTI_StructInit
                0x00000000       0x2c ..\obj\stm32f4xx_exti.o
 .text.EXTI_GenerateSWInterrupt
                0x00000000       0x24 ..\obj\stm32f4xx_exti.o
 .text.EXTI_GetFlagStatus
                0x00000000       0x34 ..\obj\stm32f4xx_exti.o
 .text.EXTI_ClearFlag
                0x00000000       0x1c ..\obj\stm32f4xx_exti.o
 .text          0x00000000        0x0 ..\obj\misc.o
 .data          0x00000000        0x0 ..\obj\misc.o
 .bss           0x00000000        0x0 ..\obj\misc.o
 .text.NVIC_PriorityGroupConfig
                0x00000000       0x24 ..\obj\misc.o
 .text.NVIC_SetVectorTable
                0x00000000       0x2c ..\obj\misc.o
 .text.NVIC_SystemLPConfig
                0x00000000       0x40 ..\obj\misc.o
 .text          0x00000000        0x0 ..\obj\stm32f4xx_rtc.o
 .data          0x00000000        0x0 ..\obj\stm32f4xx_rtc.o
 .bss           0x00000000        0x0 ..\obj\stm32f4xx_rtc.o
 .text.RTC_DeInit
                0x00000000       0xdc ..\obj\stm32f4xx_rtc.o
 .text.RTC_Init
                0x00000000       0x78 ..\obj\stm32f4xx_rtc.o
 .text.RTC_StructInit
                0x00000000       0x24 ..\obj\stm32f4xx_rtc.o
 .text.RTC_WriteProtectionCmd
                0x00000000       0x34 ..\obj\stm32f4xx_rtc.o
 .text.RTC_EnterInitMode
                0x00000000       0x74 ..\obj\stm32f4xx_rtc.o
 .text.RTC_ExitInitMode
                0x00000000       0x1c ..\obj\stm32f4xx_rtc.o
 .text.RTC_WaitForSynchro
                0x00000000       0x78 ..\obj\stm32f4xx_rtc.o
 .text.RTC_RefClockCmd
                0x00000000       0x68 ..\obj\stm32f4xx_rtc.o
 .text.RTC_BypassShadowCmd
                0x00000000       0x4c ..\obj\stm32f4xx_rtc.o
 .text.RTC_SetTime
                0x00000000      0x104 ..\obj\stm32f4xx_rtc.o
 .text.RTC_TimeStructInit
                0x00000000       0x2c ..\obj\stm32f4xx_rtc.o
 .text.RTC_GetTime
                0x00000000       0x9c ..\obj\stm32f4xx_rtc.o
 .text.RTC_GetSubSecond
                0x00000000       0x28 ..\obj\stm32f4xx_rtc.o
 .text.RTC_SetDate
                0x00000000      0x10c ..\obj\stm32f4xx_rtc.o
 .text.RTC_DateStructInit
                0x00000000       0x2c ..\obj\stm32f4xx_rtc.o
 .text.RTC_GetDate
                0x00000000       0x9c ..\obj\stm32f4xx_rtc.o
 .text.RTC_SetAlarm
                0x00000000      0x138 ..\obj\stm32f4xx_rtc.o
 .text.RTC_AlarmStructInit
                0x00000000       0x3c ..\obj\stm32f4xx_rtc.o
 .text.RTC_GetAlarm
                0x00000000       0xd8 ..\obj\stm32f4xx_rtc.o
 .text.RTC_AlarmCmd
                0x00000000       0x9c ..\obj\stm32f4xx_rtc.o
 .text.RTC_AlarmSubSecondConfig
                0x00000000       0x50 ..\obj\stm32f4xx_rtc.o
 .text.RTC_GetAlarmSubSecond
                0x00000000       0x3c ..\obj\stm32f4xx_rtc.o
 .text.RTC_WakeUpClockConfig
                0x00000000       0x40 ..\obj\stm32f4xx_rtc.o
 .text.RTC_SetWakeUpCounter
                0x00000000       0x30 ..\obj\stm32f4xx_rtc.o
 .text.RTC_GetWakeUpCounter
                0x00000000       0x18 ..\obj\stm32f4xx_rtc.o
 .text.RTC_WakeUpCmd
                0x00000000       0x94 ..\obj\stm32f4xx_rtc.o
 .text.RTC_DayLightSavingConfig
                0x00000000       0x48 ..\obj\stm32f4xx_rtc.o
 .text.RTC_GetStoreOperation
                0x00000000       0x1c ..\obj\stm32f4xx_rtc.o
 .text.RTC_OutputConfig
                0x00000000       0x48 ..\obj\stm32f4xx_rtc.o
 .text.RTC_CoarseCalibConfig
                0x00000000       0x50 ..\obj\stm32f4xx_rtc.o
 .text.RTC_CoarseCalibCmd
                0x00000000       0x68 ..\obj\stm32f4xx_rtc.o
 .text.RTC_CalibOutputCmd
                0x00000000       0x4c ..\obj\stm32f4xx_rtc.o
 .text.RTC_CalibOutputConfig
                0x00000000       0x40 ..\obj\stm32f4xx_rtc.o
 .text.RTC_SmoothCalibConfig
                0x00000000       0x84 ..\obj\stm32f4xx_rtc.o
 .text.RTC_TimeStampCmd
                0x00000000       0x60 ..\obj\stm32f4xx_rtc.o
 .text.RTC_GetTimeStamp
                0x00000000      0x114 ..\obj\stm32f4xx_rtc.o
 .text.RTC_GetTimeStampSubSecond
                0x00000000       0x18 ..\obj\stm32f4xx_rtc.o
 .text.RTC_TamperTriggerConfig
                0x00000000       0x40 ..\obj\stm32f4xx_rtc.o
 .text.RTC_TamperCmd
                0x00000000       0x3c ..\obj\stm32f4xx_rtc.o
 .text.RTC_TamperFilterConfig
                0x00000000       0x30 ..\obj\stm32f4xx_rtc.o
 .text.RTC_TamperSamplingFreqConfig
                0x00000000       0x30 ..\obj\stm32f4xx_rtc.o
 .text.RTC_TamperPinsPrechargeDuration
                0x00000000       0x30 ..\obj\stm32f4xx_rtc.o
 .text.RTC_TimeStampOnTamperDetectionCmd
                0x00000000       0x38 ..\obj\stm32f4xx_rtc.o
 .text.RTC_TamperPullUpCmd
                0x00000000       0x38 ..\obj\stm32f4xx_rtc.o
 .text.RTC_WriteBackupRegister
                0x00000000       0x34 ..\obj\stm32f4xx_rtc.o
 .text.RTC_ReadBackupRegister
                0x00000000       0x30 ..\obj\stm32f4xx_rtc.o
 .text.RTC_TamperPinSelection
                0x00000000       0x30 ..\obj\stm32f4xx_rtc.o
 .text.RTC_TimeStampPinSelection
                0x00000000       0x30 ..\obj\stm32f4xx_rtc.o
 .text.RTC_OutputTypeConfig
                0x00000000       0x30 ..\obj\stm32f4xx_rtc.o
 .text.RTC_SynchroShiftConfig
                0x00000000       0x9c ..\obj\stm32f4xx_rtc.o
 .text.RTC_ITConfig
                0x00000000       0x78 ..\obj\stm32f4xx_rtc.o
 .text.RTC_GetFlagStatus
                0x00000000       0x44 ..\obj\stm32f4xx_rtc.o
 .text.RTC_ClearFlag
                0x00000000       0x30 ..\obj\stm32f4xx_rtc.o
 .text.RTC_GetITStatus
                0x00000000       0x68 ..\obj\stm32f4xx_rtc.o
 .text.RTC_ClearITPendingBit
                0x00000000       0x38 ..\obj\stm32f4xx_rtc.o
 .text.RTC_ByteToBcd2
                0x00000000       0x3c ..\obj\stm32f4xx_rtc.o
 .text.RTC_Bcd2ToByte
                0x00000000       0x38 ..\obj\stm32f4xx_rtc.o
 .debug_info    0x00000000     0x10df ..\obj\stm32f4xx_rtc.o
 .debug_abbrev  0x00000000      0x1ae ..\obj\stm32f4xx_rtc.o
 .debug_aranges
                0x00000000      0x1e0 ..\obj\stm32f4xx_rtc.o
 .debug_ranges  0x00000000      0x1d0 ..\obj\stm32f4xx_rtc.o
 .debug_line    0x00000000      0x894 ..\obj\stm32f4xx_rtc.o
 .debug_str     0x00000000      0xb5f ..\obj\stm32f4xx_rtc.o
 .comment       0x00000000       0x71 ..\obj\stm32f4xx_rtc.o
 .debug_frame   0x00000000      0x8b0 ..\obj\stm32f4xx_rtc.o
 .ARM.attributes
                0x00000000       0x33 ..\obj\stm32f4xx_rtc.o
 .text          0x00000000        0x0 c:/program files (x86)/gnu tools arm embedded/4.9 2015q3/bin/../lib/gcc/arm-none-eabi/4.9.3/../../../../arm-none-eabi/lib/armv7e-m\libg.a(lib_a-malloc.o)
 .data          0x00000000        0x0 c:/program files (x86)/gnu tools arm embedded/4.9 2015q3/bin/../lib/gcc/arm-none-eabi/4.9.3/../../../../arm-none-eabi/lib/armv7e-m\libg.a(lib_a-malloc.o)
 .bss           0x00000000        0x0 c:/program files (x86)/gnu tools arm embedded/4.9 2015q3/bin/../lib/gcc/arm-none-eabi/4.9.3/../../../../arm-none-eabi/lib/armv7e-m\libg.a(lib_a-malloc.o)
 .text.free     0x00000000       0x10 c:/program files (x86)/gnu tools arm embedded/4.9 2015q3/bin/../lib/gcc/arm-none-eabi/4.9.3/../../../../arm-none-eabi/lib/armv7e-m\libg.a(lib_a-malloc.o)
 .text          0x00000000        0x0 c:/program files (x86)/gnu tools arm embedded/4.9 2015q3/bin/../lib/gcc/arm-none-eabi/4.9.3/../../../../arm-none-eabi/lib/armv7e-m\libg.a(lib_a-mallocr.o)
 .data          0x00000000        0x0 c:/program files (x86)/gnu tools arm embedded/4.9 2015q3/bin/../lib/gcc/arm-none-eabi/4.9.3/../../../../arm-none-eabi/lib/armv7e-m\libg.a(lib_a-mallocr.o)
 .bss           0x00000000        0x0 c:/program files (x86)/gnu tools arm embedded/4.9 2015q3/bin/../lib/gcc/arm-none-eabi/4.9.3/../../../../arm-none-eabi/lib/armv7e-m\libg.a(lib_a-mallocr.o)
 .text          0x00000000        0x0 c:/program files (x86)/gnu tools arm embedded/4.9 2015q3/bin/../lib/gcc/arm-none-eabi/4.9.3/../../../../arm-none-eabi/lib/armv7e-m\libg.a(lib_a-mlock.o)
 .data          0x00000000        0x0 c:/program files (x86)/gnu tools arm embedded/4.9 2015q3/bin/../lib/gcc/arm-none-eabi/4.9.3/../../../../arm-none-eabi/lib/armv7e-m\libg.a(lib_a-mlock.o)
 .bss           0x00000000        0x0 c:/program files (x86)/gnu tools arm embedded/4.9 2015q3/bin/../lib/gcc/arm-none-eabi/4.9.3/../../../../arm-none-eabi/lib/armv7e-m\libg.a(lib_a-mlock.o)
 .text          0x00000000        0x0 c:/program files (x86)/gnu tools arm embedded/4.9 2015q3/bin/../lib/gcc/arm-none-eabi/4.9.3/../../../../arm-none-eabi/lib/armv7e-m\libg.a(lib_a-sbrkr.o)
 .data          0x00000000        0x0 c:/program files (x86)/gnu tools arm embedded/4.9 2015q3/bin/../lib/gcc/arm-none-eabi/4.9.3/../../../../arm-none-eabi/lib/armv7e-m\libg.a(lib_a-sbrkr.o)
 .bss           0x00000000        0x0 c:/program files (x86)/gnu tools arm embedded/4.9 2015q3/bin/../lib/gcc/arm-none-eabi/4.9.3/../../../../arm-none-eabi/lib/armv7e-m\libg.a(lib_a-sbrkr.o)
 .text          0x00000000        0x0 c:/program files (x86)/gnu tools arm embedded/4.9 2015q3/bin/../lib/gcc/arm-none-eabi/4.9.3/../../../../arm-none-eabi/lib/armv7e-m\libg.a(lib_a-freer.o)
 .data          0x00000000        0x0 c:/program files (x86)/gnu tools arm embedded/4.9 2015q3/bin/../lib/gcc/arm-none-eabi/4.9.3/../../../../arm-none-eabi/lib/armv7e-m\libg.a(lib_a-freer.o)
 .bss           0x00000000        0x0 c:/program files (x86)/gnu tools arm embedded/4.9 2015q3/bin/../lib/gcc/arm-none-eabi/4.9.3/../../../../arm-none-eabi/lib/armv7e-m\libg.a(lib_a-freer.o)
 .text          0x00000000        0x0 c:/program files (x86)/gnu tools arm embedded/4.9 2015q3/bin/../lib/gcc/arm-none-eabi/4.9.3/../../../../arm-none-eabi/lib/armv7e-m\libg.a(lib_a-impure.o)
 .data          0x00000000        0x0 c:/program files (x86)/gnu tools arm embedded/4.9 2015q3/bin/../lib/gcc/arm-none-eabi/4.9.3/../../../../arm-none-eabi/lib/armv7e-m\libg.a(lib_a-impure.o)
 .bss           0x00000000        0x0 c:/program files (x86)/gnu tools arm embedded/4.9 2015q3/bin/../lib/gcc/arm-none-eabi/4.9.3/../../../../arm-none-eabi/lib/armv7e-m\libg.a(lib_a-impure.o)
 .rodata._global_impure_ptr
                0x00000000        0x4 c:/program files (x86)/gnu tools arm embedded/4.9 2015q3/bin/../lib/gcc/arm-none-eabi/4.9.3/../../../../arm-none-eabi/lib/armv7e-m\libg.a(lib_a-impure.o)
 .text          0x00000000        0x0 c:/program files (x86)/gnu tools arm embedded/4.9 2015q3/bin/../lib/gcc/arm-none-eabi/4.9.3/../../../../arm-none-eabi/lib/armv7e-m\libg.a(lib_a-reent.o)
 .data          0x00000000        0x0 c:/program files (x86)/gnu tools arm embedded/4.9 2015q3/bin/../lib/gcc/arm-none-eabi/4.9.3/../../../../arm-none-eabi/lib/armv7e-m\libg.a(lib_a-reent.o)
 .bss           0x00000000        0x0 c:/program files (x86)/gnu tools arm embedded/4.9 2015q3/bin/../lib/gcc/arm-none-eabi/4.9.3/../../../../arm-none-eabi/lib/armv7e-m\libg.a(lib_a-reent.o)
 .text.cleanup_glue
                0x00000000       0x1c c:/program files (x86)/gnu tools arm embedded/4.9 2015q3/bin/../lib/gcc/arm-none-eabi/4.9.3/../../../../arm-none-eabi/lib/armv7e-m\libg.a(lib_a-reent.o)
 .text._reclaim_reent
                0x00000000       0x88 c:/program files (x86)/gnu tools arm embedded/4.9 2015q3/bin/../lib/gcc/arm-none-eabi/4.9.3/../../../../arm-none-eabi/lib/armv7e-m\libg.a(lib_a-reent.o)

Memory Configuration

Name             Origin             Length             Attributes
rom              0x08000000         0x00100000         xr
ram              0x20000000         0x00020000         xrw
ram1             0x10000000         0x00010000         xrw
*default*        0x00000000         0xffffffff

Linker script and memory map

                0x20020000                _eram = 0x20020000

.text           0x08000000     0x380c
 *(.isr_vector)
 .isr_vector    0x08000000      0x188 ..\obj\startup_stm32f4xx.o
                0x08000000                g_pfnVectors
 *(.text*)
 .text.SYSCFG_EXTILineConfig
                0x08000188       0x84 ..\obj\stm32f4xx_syscfg.o
                0x08000188                SYSCFG_EXTILineConfig
 .text.delay_init
                0x0800020c       0x34 ..\obj\delay.o
                0x0800020c                delay_init
 .text.delay_ms
                0x08000240       0x24 ..\obj\delay.o
                0x08000240                delay_ms
 .text.delay_us
                0x08000264       0x5c ..\obj\delay.o
                0x08000264                delay_us
 .text.Default_Reset_Handler
                0x080002c0       0x58 ..\obj\startup_stm32f4xx.o
                0x080002c0                Default_Reset_Handler
                0x080002c0                Reset_Handler
 .text.Default_Handler
                0x08000318        0x8 ..\obj\startup_stm32f4xx.o
                0x08000318                RTC_Alarm_IRQHandler
                0x08000318                HASH_RNG_IRQHandler
                0x08000318                EXTI2_IRQHandler
                0x08000318                TIM8_CC_IRQHandler
                0x08000318                DebugMon_Handler
                0x08000318                TIM1_CC_IRQHandler
                0x08000318                DMA2_Stream5_IRQHandler
                0x08000318                HardFault_Handler
                0x08000318                DMA1_Stream5_IRQHandler
                0x08000318                PVD_IRQHandler
                0x08000318                SDIO_IRQHandler
                0x08000318                TAMP_STAMP_IRQHandler
                0x08000318                PendSV_Handler
                0x08000318                NMI_Handler
                0x08000318                CAN2_RX1_IRQHandler
                0x08000318                EXTI3_IRQHandler
                0x08000318                TIM8_TRG_COM_TIM14_IRQHandler
                0x08000318                TIM1_UP_TIM10_IRQHandler
                0x08000318                TIM8_UP_TIM13_IRQHandler
                0x08000318                I2C3_ER_IRQHandler
                0x08000318                EXTI0_IRQHandler
                0x08000318                I2C2_EV_IRQHandler
                0x08000318                DMA1_Stream2_IRQHandler
                0x08000318                CAN1_RX0_IRQHandler
                0x08000318                FPU_IRQHandler
                0x08000318                OTG_HS_WKUP_IRQHandler
                0x08000318                UsageFault_Handler
                0x08000318                CAN2_SCE_IRQHandler
                0x08000318                DMA2_Stream2_IRQHandler
                0x08000318                SPI1_IRQHandler
                0x08000318                TIM6_DAC_IRQHandler
                0x08000318                TIM1_BRK_TIM9_IRQHandler
                0x08000318                DCMI_IRQHandler
                0x08000318                CAN2_RX0_IRQHandler
                0x08000318                DMA2_Stream3_IRQHandler
                0x08000318                USART6_IRQHandler
                0x08000318                USART3_IRQHandler
                0x08000318                CRYP_IRQHandler
                0x08000318                CAN1_RX1_IRQHandler
                0x08000318                UART5_IRQHandler
                0x08000318                DMA2_Stream0_IRQHandler
                0x08000318                TIM4_IRQHandler
                0x08000318                I2C1_EV_IRQHandler
                0x08000318                DMA1_Stream6_IRQHandler
                0x08000318                DMA1_Stream1_IRQHandler
                0x08000318                UART4_IRQHandler
                0x08000318                TIM3_IRQHandler
                0x08000318                RCC_IRQHandler
                0x08000318                TIM8_BRK_TIM12_IRQHandler
                0x08000318                EXTI15_10_IRQHandler
                0x08000318                ADC_IRQHandler
                0x08000318                DMA1_Stream7_IRQHandler
                0x08000318                TIM7_IRQHandler
                0x08000318                CAN2_TX_IRQHandler
                0x08000318                TIM5_IRQHandler
                0x08000318                DMA2_Stream7_IRQHandler
                0x08000318                I2C3_EV_IRQHandler
                0x08000318                EXTI9_5_IRQHandler
                0x08000318                RTC_WKUP_IRQHandler
                0x08000318                ETH_WKUP_IRQHandler
                0x08000318                SPI2_IRQHandler
                0x08000318                OTG_HS_EP1_IN_IRQHandler
                0x08000318                MemManage_Handler
                0x08000318                DMA1_Stream0_IRQHandler
                0x08000318                CAN1_TX_IRQHandler
                0x08000318                SVC_Handler
                0x08000318                EXTI4_IRQHandler
                0x08000318                FSMC_IRQHandler
                0x08000318                ETH_IRQHandler
                0x08000318                OTG_HS_EP1_OUT_IRQHandler
                0x08000318                WWDG_IRQHandler
                0x08000318                TIM2_IRQHandler
                0x08000318                OTG_FS_WKUP_IRQHandler
                0x08000318                TIM1_TRG_COM_TIM11_IRQHandler
                0x08000318                OTG_HS_IRQHandler
                0x08000318                USART2_IRQHandler
                0x08000318                I2C2_ER_IRQHandler
                0x08000318                DMA2_Stream1_IRQHandler
                0x08000318                CAN1_SCE_IRQHandler
                0x08000318                FLASH_IRQHandler
                0x08000318                DMA2_Stream4_IRQHandler
                0x08000318                BusFault_Handler
                0x08000318                USART1_IRQHandler
                0x08000318                OTG_FS_IRQHandler
                0x08000318                SPI3_IRQHandler
                0x08000318                DMA1_Stream4_IRQHandler
                0x08000318                I2C1_ER_IRQHandler
                0x08000318                DMA2_Stream6_IRQHandler
                0x08000318                DMA1_Stream3_IRQHandler
 .text.fpu_enable
                0x08000320       0x20 ..\obj\fpu.o
                0x08000320                fpu_enable
 .text.NVIC_SetPriority
                0x08000340       0x54 ..\obj\main.o
 .text.SysTick_Config
                0x08000394       0x44 ..\obj\main.o
 .text.EXTI1_IRQHandler
                0x080003d8       0x18 ..\obj\main.o
                0x080003d8                EXTI1_IRQHandler
 .text.play_wav
                0x080003f0       0x40 ..\obj\main.o
                0x080003f0                play_wav
 .text.main     0x08000430      0x1e0 ..\obj\main.o
                0x08000430                main
 .text.SysTick_Handler
                0x08000610        0xc ..\obj\main.o
                0x08000610                SysTick_Handler
 .text.RCC_AHB1PeriphClockCmd
                0x0800061c       0x3c ..\obj\stm32f4xx_rcc.o
                0x0800061c                RCC_AHB1PeriphClockCmd
 .text.RCC_APB1PeriphClockCmd
                0x08000658       0x3c ..\obj\stm32f4xx_rcc.o
                0x08000658                RCC_APB1PeriphClockCmd
 .text.SELECT   0x08000694       0x20 ..\obj\spi_sd.o
 .text.DESELECT
                0x080006b4       0x20 ..\obj\spi_sd.o
 .text.SPI_SD_Init
                0x080006d4       0xfc ..\obj\spi_sd.o
                0x080006d4                SPI_SD_Init
 .text.xmit_spi
                0x080007d0       0x4c ..\obj\spi_sd.o
 .text.rcvr_spi
                0x0800081c       0x5c ..\obj\spi_sd.o
 .text.rcvr_spi_m
                0x08000878       0x1c ..\obj\spi_sd.o
 .text.wait_ready
                0x08000894       0x38 ..\obj\spi_sd.o
 .text.power_on
                0x080008cc       0x34 ..\obj\spi_sd.o
 .text.power_off
                0x08000900       0x18 ..\obj\spi_sd.o
 .text.rcvr_datablock
                0x08000918       0x6c ..\obj\spi_sd.o
 .text.xmit_datablock
                0x08000984       0xa8 ..\obj\spi_sd.o
 .text.send_cmd
                0x08000a2c       0xa4 ..\obj\spi_sd.o
 .text.disk_initialize
                0x08000ad0      0x1d0 ..\obj\spi_sd.o
                0x08000ad0                disk_initialize
 .text.disk_status
                0x08000ca0       0x2c ..\obj\spi_sd.o
                0x08000ca0                disk_status
 .text.disk_read
                0x08000ccc       0xd8 ..\obj\spi_sd.o
                0x08000ccc                disk_read
 .text.disk_write
                0x08000da4      0x10c ..\obj\spi_sd.o
                0x08000da4                disk_write
 .text.disk_timerproc
                0x08000eb0       0x48 ..\obj\spi_sd.o
                0x08000eb0                disk_timerproc
 .text.get_fattime
                0x08000ef8       0x14 ..\obj\spi_sd.o
                0x08000ef8                get_fattime
 .text.GPIO_Init
                0x08000f0c      0x11c ..\obj\stm32f4xx_gpio.o
                0x08000f0c                GPIO_Init
 .text.GPIO_SetBits
                0x08001028       0x1c ..\obj\stm32f4xx_gpio.o
                0x08001028                GPIO_SetBits
 .text.GPIO_ToggleBits
                0x08001044       0x24 ..\obj\stm32f4xx_gpio.o
                0x08001044                GPIO_ToggleBits
 .text.GPIO_PinAFConfig
                0x08001068       0x90 ..\obj\stm32f4xx_gpio.o
                0x08001068                GPIO_PinAFConfig
 .text.SystemInit
                0x080010f8       0x58 ..\obj\system_stm32f4xx.o
                0x080010f8                SystemInit
 .text.SetSysClock
                0x08001150       0xf4 ..\obj\system_stm32f4xx.o
 .text._sbrk    0x08001244       0x40 ..\obj\syscalls.o
                0x08001244                _sbrk
 .text.add_last
                0x08001284       0x54 ..\obj\Lista.o
                0x08001284                add_last
 .text.mem_cpy  0x080012d8       0x3c ..\obj\ff.o
 .text.mem_set  0x08001314       0x34 ..\obj\ff.o
 .text.mem_cmp  0x08001348       0x50 ..\obj\ff.o
 .text.chk_chr  0x08001398       0x38 ..\obj\ff.o
 .text.move_window
                0x080013d0       0xbc ..\obj\ff.o
 .text.clust2sect
                0x0800148c       0x40 ..\obj\ff.o
                0x0800148c                clust2sect
 .text.get_fat  0x080014cc      0x158 ..\obj\ff.o
                0x080014cc                get_fat
 .text.put_fat  0x08001624      0x1f4 ..\obj\ff.o
                0x08001624                put_fat
 .text.remove_chain
                0x08001818       0x9c ..\obj\ff.o
 .text.create_chain
                0x080018b4      0x118 ..\obj\ff.o
 .text.dir_sdi  0x080019cc      0x104 ..\obj\ff.o
 .text.dir_next
                0x08001ad0      0x1a8 ..\obj\ff.o
 .text.dir_find
                0x08001c78       0x94 ..\obj\ff.o
 .text.dir_read
                0x08001d0c       0x90 ..\obj\ff.o
 .text.dir_register
                0x08001d9c       0xac ..\obj\ff.o
 .text.create_name
                0x08001e48      0x168 ..\obj\ff.o
 .text.get_fileinfo
                0x08001fb0      0x118 ..\obj\ff.o
 .text.follow_path
                0x080020c8       0xf4 ..\obj\ff.o
 .text.check_fs
                0x080021bc       0xc0 ..\obj\ff.o
 .text.chk_mounted
                0x0800227c      0x528 ..\obj\ff.o
 .text.validate
                0x080027a4       0x4c ..\obj\ff.o
 .text.f_mount  0x080027f0       0x54 ..\obj\ff.o
                0x080027f0                f_mount
 .text.f_open   0x08002844      0x2e0 ..\obj\ff.o
                0x08002844                f_open
 .text.f_opendir
                0x08002b24       0xcc ..\obj\ff.o
                0x08002b24                f_opendir
 .text.f_readdir
                0x08002bf0       0x90 ..\obj\ff.o
                0x08002bf0                f_readdir
 .text.SPI_Init
                0x08002c80       0x88 ..\obj\stm32f4xx_spi.o
                0x08002c80                SPI_Init
 .text.SPI_Cmd  0x08002d08       0x40 ..\obj\stm32f4xx_spi.o
                0x08002d08                SPI_Cmd
 .text.SPI_CalculateCRC
                0x08002d48       0x40 ..\obj\stm32f4xx_spi.o
                0x08002d48                SPI_CalculateCRC
 .text.EXTI_Init
                0x08002d88       0xe4 ..\obj\stm32f4xx_exti.o
                0x08002d88                EXTI_Init
 .text.EXTI_GetITStatus
                0x08002e6c       0x48 ..\obj\stm32f4xx_exti.o
                0x08002e6c                EXTI_GetITStatus
 .text.EXTI_ClearITPendingBit
                0x08002eb4       0x1c ..\obj\stm32f4xx_exti.o
                0x08002eb4                EXTI_ClearITPendingBit
 .text.NVIC_Init
                0x08002ed0       0xc0 ..\obj\misc.o
                0x08002ed0                NVIC_Init
 .text.SysTick_CLKSourceConfig
                0x08002f90       0x38 ..\obj\misc.o
                0x08002f90                SysTick_CLKSourceConfig
 .text.malloc   0x08002fc8       0x10 c:/program files (x86)/gnu tools arm embedded/4.9 2015q3/bin/../lib/gcc/arm-none-eabi/4.9.3/../../../../arm-none-eabi/lib/armv7e-m\libg.a(lib_a-malloc.o)
                0x08002fc8                malloc
 .text._malloc_r
                0x08002fd8      0x524 c:/program files (x86)/gnu tools arm embedded/4.9 2015q3/bin/../lib/gcc/arm-none-eabi/4.9.3/../../../../arm-none-eabi/lib/armv7e-m\libg.a(lib_a-mallocr.o)
                0x08002fd8                _malloc_r
 .text.__malloc_lock
                0x080034fc        0x4 c:/program files (x86)/gnu tools arm embedded/4.9 2015q3/bin/../lib/gcc/arm-none-eabi/4.9.3/../../../../arm-none-eabi/lib/armv7e-m\libg.a(lib_a-mlock.o)
                0x080034fc                __malloc_lock
 .text.__malloc_unlock
                0x08003500        0x4 c:/program files (x86)/gnu tools arm embedded/4.9 2015q3/bin/../lib/gcc/arm-none-eabi/4.9.3/../../../../arm-none-eabi/lib/armv7e-m\libg.a(lib_a-mlock.o)
                0x08003500                __malloc_unlock
 .text._sbrk_r  0x08003504       0x24 c:/program files (x86)/gnu tools arm embedded/4.9 2015q3/bin/../lib/gcc/arm-none-eabi/4.9.3/../../../../arm-none-eabi/lib/armv7e-m\libg.a(lib_a-sbrkr.o)
                0x08003504                _sbrk_r
 .text._malloc_trim_r
                0x08003528       0x9c c:/program files (x86)/gnu tools arm embedded/4.9 2015q3/bin/../lib/gcc/arm-none-eabi/4.9.3/../../../../arm-none-eabi/lib/armv7e-m\libg.a(lib_a-freer.o)
                0x08003528                _malloc_trim_r
 .text._free_r  0x080035c4      0x1b0 c:/program files (x86)/gnu tools arm embedded/4.9 2015q3/bin/../lib/gcc/arm-none-eabi/4.9.3/../../../../arm-none-eabi/lib/armv7e-m\libg.a(lib_a-freer.o)
                0x080035c4                _free_r
 *(.init)
 *(.fini)
 *crtbegin.o(.ctors)
 *crtbegin?.o(.ctors)
 *(EXCLUDE_FILE(*crtend.o *crtend?.o) .ctors)
 *(SORT(.ctors.*))
 *(.ctors)
 *crtbegin.o(.dtors)
 *crtbegin?.o(.dtors)
 *(EXCLUDE_FILE(*crtend.o *crtend?.o) .dtors)
 *(SORT(.dtors.*))
 *(.dtors)
 *(.rodata*)
 .rodata        0x08003774        0x2 ..\obj\main.o
 *fill*         0x08003776        0x2 
 .rodata        0x08003778       0x90 ..\obj\ff.o
 .rodata.str1.4
                0x08003808        0x4 c:/program files (x86)/gnu tools arm embedded/4.9 2015q3/bin/../lib/gcc/arm-none-eabi/4.9.3/../../../../arm-none-eabi/lib/armv7e-m\libg.a(lib_a-impure.o)
                                  0x2 (size before relaxing)
 *(.eh_fram e*)

.glue_7         0x0800380c        0x0
 .glue_7        0x00000000        0x0 linker stubs

.glue_7t        0x0800380c        0x0
 .glue_7t       0x00000000        0x0 linker stubs

.vfp11_veneer   0x0800380c        0x0
 .vfp11_veneer  0x00000000        0x0 linker stubs

.v4_bx          0x0800380c        0x0
 .v4_bx         0x00000000        0x0 linker stubs

.iplt           0x0800380c        0x0
 .iplt          0x00000000        0x0 ..\obj\stm32f4xx_syscfg.o

.rel.dyn        0x0800380c        0x0
 .rel.iplt      0x00000000        0x0 ..\obj\stm32f4xx_syscfg.o

.ARM.extab
 *(.ARM.extab* .gnu.linkonce.armextab.*)
                0x0800380c                __exidx_start = .

.ARM.exidx
 *(.ARM.exidx* .gnu.linkonce.armexidx.*)
                0x0800380c                __exidx_end = .
                0x0800380c                __etext = .
                0x0800380c                _sidata = __etext

.data           0x20000000      0x844 load address 0x0800380c
                0x20000000                __data_start__ = .
                0x20000000                _sdata = __data_start__
 *(vtable)
 *(.data*)
 .data          0x20000000        0x1 ..\obj\spi_sd.o
 *fill*         0x20000001        0x3 
 .data.__malloc_av_
                0x20000004      0x408 c:/program files (x86)/gnu tools arm embedded/4.9 2015q3/bin/../lib/gcc/arm-none-eabi/4.9.3/../../../../arm-none-eabi/lib/armv7e-m\libg.a(lib_a-mallocr.o)
                0x20000004                __malloc_av_
 .data.__malloc_trim_threshold
                0x2000040c        0x4 c:/program files (x86)/gnu tools arm embedded/4.9 2015q3/bin/../lib/gcc/arm-none-eabi/4.9.3/../../../../arm-none-eabi/lib/armv7e-m\libg.a(lib_a-mallocr.o)
                0x2000040c                __malloc_trim_threshold
 .data.__malloc_sbrk_base
                0x20000410        0x4 c:/program files (x86)/gnu tools arm embedded/4.9 2015q3/bin/../lib/gcc/arm-none-eabi/4.9.3/../../../../arm-none-eabi/lib/armv7e-m\libg.a(lib_a-mallocr.o)
                0x20000410                __malloc_sbrk_base
 *fill*         0x20000414        0x4 
 .data.impure_data
                0x20000418      0x428 c:/program files (x86)/gnu tools arm embedded/4.9 2015q3/bin/../lib/gcc/arm-none-eabi/4.9.3/../../../../arm-none-eabi/lib/armv7e-m\libg.a(lib_a-impure.o)
 .data._impure_ptr
                0x20000840        0x4 c:/program files (x86)/gnu tools arm embedded/4.9 2015q3/bin/../lib/gcc/arm-none-eabi/4.9.3/../../../../arm-none-eabi/lib/armv7e-m\libg.a(lib_a-impure.o)
                0x20000840                _impure_ptr
                0x20000844                . = ALIGN (0x4)
                0x20000844                PROVIDE (__preinit_array_start, .)
 *(.preinit_array)
                0x20000844                PROVIDE (__preinit_array_end, .)
                0x20000844                . = ALIGN (0x4)
                0x20000844                PROVIDE (__init_array_start, .)
 *(SORT(.init_array.*))
 *(.init_array)
                0x20000844                PROVIDE (__init_array_end, .)
                0x20000844                . = ALIGN (0x4)
                0x20000844                PROVIDE (__fini_array_start, .)
 *(SORT(.fini_array.*))
 *(.fini_array)
                0x20000844                PROVIDE (__fini_array_end, .)
 *(.jcr*)
                0x20000844                . = ALIGN (0x4)
                0x20000844                __data_end__ = .
                0x20000844                _edata = __data_end__

.igot.plt       0x20000844        0x0 load address 0x08004050
 .igot.plt      0x00000000        0x0 ..\obj\stm32f4xx_syscfg.o

.bss            0x20000844      0x4a0 load address 0x08004050
                0x20000844                . = ALIGN (0x4)
                0x20000844                __bss_start__ = .
                0x20000844                _sbss = __bss_start__
 *(.bss*)
 .bss           0x20000844        0x1 ..\obj\delay.o
 .bss           0x20000845        0x4 ..\obj\spi_sd.o
 *fill*         0x20000849        0x3 
 .bss           0x2000084c        0x4 ..\obj\syscalls.o
 .bss           0x20000850        0x6 ..\obj\ff.o
 *fill*         0x20000856        0x2 
 .bss.__malloc_max_total_mem
                0x20000858        0x4 c:/program files (x86)/gnu tools arm embedded/4.9 2015q3/bin/../lib/gcc/arm-none-eabi/4.9.3/../../../../arm-none-eabi/lib/armv7e-m\libg.a(lib_a-mallocr.o)
                0x20000858                __malloc_max_total_mem
 .bss.__malloc_max_sbrked_mem
                0x2000085c        0x4 c:/program files (x86)/gnu tools arm embedded/4.9 2015q3/bin/../lib/gcc/arm-none-eabi/4.9.3/../../../../arm-none-eabi/lib/armv7e-m\libg.a(lib_a-mallocr.o)
                0x2000085c                __malloc_max_sbrked_mem
 .bss.__malloc_top_pad
                0x20000860        0x4 c:/program files (x86)/gnu tools arm embedded/4.9 2015q3/bin/../lib/gcc/arm-none-eabi/4.9.3/../../../../arm-none-eabi/lib/armv7e-m\libg.a(lib_a-mallocr.o)
                0x20000860                __malloc_top_pad
 .bss.__malloc_current_mallinfo
                0x20000864       0x28 c:/program files (x86)/gnu tools arm embedded/4.9 2015q3/bin/../lib/gcc/arm-none-eabi/4.9.3/../../../../arm-none-eabi/lib/armv7e-m\libg.a(lib_a-mallocr.o)
                0x20000864                __malloc_current_mallinfo
 *(COMMON)
 COMMON         0x2000088c      0x454 ..\obj\main.o
                0x2000088c                plik
                0x20000ab0                fatfs
 COMMON         0x20000ce0        0x4 c:/program files (x86)/gnu tools arm embedded/4.9 2015q3/bin/../lib/gcc/arm-none-eabi/4.9.3/../../../../arm-none-eabi/lib/armv7e-m\libg.a(lib_a-reent.o)
                0x20000ce0                errno
                0x20000ce4                . = ALIGN (0x4)
                0x20000ce4                __bss_end__ = .
                0x20000ce4                _ebss = __bss_end__

.heap           0x20000ce4        0x0
                0x20000ce4                __end__ = .
                0x20000ce4                _end = __end__
                0x20000ce4                end = __end__
 *(.heap*)
                0x20000ce4                __HeapLimit = .

.co_stack       0x20000ce4      0x804 load address 0x080044f0
                0x20000ce8                . = ALIGN (0x8)
 *fill*         0x20000ce4        0x4 
 *(.co_stack .co_stack.*)
 .co_stack      0x20000ce8      0x800 ..\obj\startup_stm32f4xx.o
                0x20000ce8                pulStack
                0x20020000                __StackTop = (ORIGIN (ram) + 0x20000)
                0x2001f7fc                __StackLimit = (__StackTop - SIZEOF (.co_stack))
                0x20020000                PROVIDE (__stack, __StackTop)
                0x00000001                ASSERT ((__StackLimit >= __HeapLimit), region ram  overflowed with stack)
LOAD ..\obj\stm32f4xx_syscfg.o
LOAD ..\obj\delay.o
LOAD ..\obj\startup_stm32f4xx.o
LOAD ..\obj\fpu.o
LOAD ..\obj\main.o
LOAD ..\obj\stm32f4xx_rcc.o
LOAD ..\obj\spi_sd.o
LOAD ..\obj\stm32f4xx_gpio.o
LOAD ..\obj\system_stm32f4xx.o
LOAD ..\obj\syscalls.o
LOAD ..\obj\Lista.o
LOAD ..\obj\ff.o
LOAD ..\obj\stm32f4xx_spi.o
LOAD ..\obj\stm32f4xx_exti.o
LOAD ..\obj\misc.o
LOAD ..\obj\stm32f4xx_rtc.o
START GROUP
LOAD c:/program files (x86)/gnu tools arm embedded/4.9 2015q3/bin/../lib/gcc/arm-none-eabi/4.9.3/armv7e-m\libgcc.a
LOAD c:/program files (x86)/gnu tools arm embedded/4.9 2015q3/bin/../lib/gcc/arm-none-eabi/4.9.3/../../../../arm-none-eabi/lib/armv7e-m\libg.a
LOAD c:/program files (x86)/gnu tools arm embedded/4.9 2015q3/bin/../lib/gcc/arm-none-eabi/4.9.3/../../../../arm-none-eabi/lib/armv7e-m\libc.a
END GROUP
OUTPUT(STMwavPlayerMR.elf elf32-littlearm)

.debug_info     0x00000000     0x6794
 .debug_info    0x00000000      0x26c ..\obj\stm32f4xx_syscfg.o
 .debug_info    0x0000026c      0x1b5 ..\obj\delay.o
 .debug_info    0x00000421       0xed ..\obj\startup_stm32f4xx.o
 .debug_info    0x0000050e      0x267 ..\obj\fpu.o
 .debug_info    0x00000775      0xe16 ..\obj\main.o
 .debug_info    0x0000158b      0xc4d ..\obj\stm32f4xx_rcc.o
 .debug_info    0x000021d8      0xb1e ..\obj\spi_sd.o
 .debug_info    0x00002cf6      0x602 ..\obj\stm32f4xx_gpio.o
 .debug_info    0x000032f8      0x592 ..\obj\system_stm32f4xx.o
 .debug_info    0x0000388a      0x3ee ..\obj\syscalls.o
 .debug_info    0x00003c78      0x17b ..\obj\Lista.o
 .debug_info    0x00003df3     0x1616 ..\obj\ff.o
 .debug_info    0x00005409      0xb07 ..\obj\stm32f4xx_spi.o
 .debug_info    0x00005f10      0x347 ..\obj\stm32f4xx_exti.o
 .debug_info    0x00006257      0x53d ..\obj\misc.o

.debug_abbrev   0x00000000     0x1513
 .debug_abbrev  0x00000000      0x131 ..\obj\stm32f4xx_syscfg.o
 .debug_abbrev  0x00000131       0xed ..\obj\delay.o
 .debug_abbrev  0x0000021e       0xb0 ..\obj\startup_stm32f4xx.o
 .debug_abbrev  0x000002ce       0xb6 ..\obj\fpu.o
 .debug_abbrev  0x00000384      0x242 ..\obj\main.o
 .debug_abbrev  0x000005c6      0x1e3 ..\obj\stm32f4xx_rcc.o
 .debug_abbrev  0x000007a9      0x2a4 ..\obj\spi_sd.o
 .debug_abbrev  0x00000a4d      0x1a3 ..\obj\stm32f4xx_gpio.o
 .debug_abbrev  0x00000bf0      0x136 ..\obj\system_stm32f4xx.o
 .debug_abbrev  0x00000d26       0xe2 ..\obj\syscalls.o
 .debug_abbrev  0x00000e08       0xf4 ..\obj\Lista.o
 .debug_abbrev  0x00000efc      0x1c6 ..\obj\ff.o
 .debug_abbrev  0x000010c2      0x167 ..\obj\stm32f4xx_spi.o
 .debug_abbrev  0x00001229      0x1a5 ..\obj\stm32f4xx_exti.o
 .debug_abbrev  0x000013ce      0x145 ..\obj\misc.o

.debug_aranges  0x00000000      0x740
 .debug_aranges
                0x00000000       0x48 ..\obj\stm32f4xx_syscfg.o
 .debug_aranges
                0x00000048       0x30 ..\obj\delay.o
 .debug_aranges
                0x00000078       0x28 ..\obj\startup_stm32f4xx.o
 .debug_aranges
                0x000000a0       0x20 ..\obj\fpu.o
 .debug_aranges
                0x000000c0       0x48 ..\obj\main.o
 .debug_aranges
                0x00000108      0x178 ..\obj\stm32f4xx_rcc.o
 .debug_aranges
                0x00000280       0xb8 ..\obj\spi_sd.o
 .debug_aranges
                0x00000338       0x88 ..\obj\stm32f4xx_gpio.o
 .debug_aranges
                0x000003c0       0x30 ..\obj\system_stm32f4xx.o
 .debug_aranges
                0x000003f0       0x60 ..\obj\syscalls.o
 .debug_aranges
                0x00000450       0x20 ..\obj\Lista.o
 .debug_aranges
                0x00000470      0x158 ..\obj\ff.o
 .debug_aranges
                0x000005c8       0xe0 ..\obj\stm32f4xx_spi.o
 .debug_aranges
                0x000006a8       0x58 ..\obj\stm32f4xx_exti.o
 .debug_aranges
                0x00000700       0x40 ..\obj\misc.o

.debug_ranges   0x00000000      0x650
 .debug_ranges  0x00000000       0x38 ..\obj\stm32f4xx_syscfg.o
 .debug_ranges  0x00000038       0x20 ..\obj\delay.o
 .debug_ranges  0x00000058       0x18 ..\obj\startup_stm32f4xx.o
 .debug_ranges  0x00000070       0x10 ..\obj\fpu.o
 .debug_ranges  0x00000080       0x38 ..\obj\main.o
 .debug_ranges  0x000000b8      0x168 ..\obj\stm32f4xx_rcc.o
 .debug_ranges  0x00000220       0xa8 ..\obj\spi_sd.o
 .debug_ranges  0x000002c8       0x78 ..\obj\stm32f4xx_gpio.o
 .debug_ranges  0x00000340       0x20 ..\obj\system_stm32f4xx.o
 .debug_ranges  0x00000360       0x50 ..\obj\syscalls.o
 .debug_ranges  0x000003b0       0x10 ..\obj\Lista.o
 .debug_ranges  0x000003c0      0x148 ..\obj\ff.o
 .debug_ranges  0x00000508       0xd0 ..\obj\stm32f4xx_spi.o
 .debug_ranges  0x000005d8       0x48 ..\obj\stm32f4xx_exti.o
 .debug_ranges  0x00000620       0x30 ..\obj\misc.o

.debug_line     0x00000000     0x344c
 .debug_line    0x00000000      0x270 ..\obj\stm32f4xx_syscfg.o
 .debug_line    0x00000270      0x1ce ..\obj\delay.o
 .debug_line    0x0000043e       0xb8 ..\obj\startup_stm32f4xx.o
 .debug_line    0x000004f6      0x194 ..\obj\fpu.o
 .debug_line    0x0000068a      0x34e ..\obj\main.o
 .debug_line    0x000009d8      0x611 ..\obj\stm32f4xx_rcc.o
 .debug_line    0x00000fe9      0x640 ..\obj\spi_sd.o
 .debug_line    0x00001629      0x3b3 ..\obj\stm32f4xx_gpio.o
 .debug_line    0x000019dc      0x230 ..\obj\system_stm32f4xx.o
 .debug_line    0x00001c0c      0x18f ..\obj\syscalls.o
 .debug_line    0x00001d9b       0xaf ..\obj\Lista.o
 .debug_line    0x00001e4a      0xb76 ..\obj\ff.o
 .debug_line    0x000029c0      0x4c2 ..\obj\stm32f4xx_spi.o
 .debug_line    0x00002e82      0x315 ..\obj\stm32f4xx_exti.o
 .debug_line    0x00003197      0x2b5 ..\obj\misc.o

.debug_str      0x00000000     0x252c
 .debug_str     0x00000000      0x2ad ..\obj\stm32f4xx_syscfg.o
                                0x30b (size before relaxing)
 .debug_str     0x000002ad       0x98 ..\obj\delay.o
                                0x1f6 (size before relaxing)
 .debug_str     0x00000345       0xc7 ..\obj\startup_stm32f4xx.o
                                0x15e (size before relaxing)
 .debug_str     0x0000040c       0xae ..\obj\fpu.o
                                0x1fc (size before relaxing)
 .debug_str     0x000004ba      0xb57 ..\obj\main.o
                                0xd95 (size before relaxing)
 .debug_str     0x00001011      0x661 ..\obj\stm32f4xx_rcc.o
                                0x867 (size before relaxing)
 .debug_str     0x00001672      0x275 ..\obj\spi_sd.o
                                0x6c1 (size before relaxing)
 .debug_str     0x000018e7      0x1af ..\obj\stm32f4xx_gpio.o
                                0x4ba (size before relaxing)
 .debug_str     0x00001a96       0xdb ..\obj\system_stm32f4xx.o
                                0x3c1 (size before relaxing)
 .debug_str     0x00001b71      0x1b7 ..\obj\syscalls.o
                                0x307 (size before relaxing)
 .debug_str     0x00001d28       0x57 ..\obj\Lista.o
                                0x1e4 (size before relaxing)
 .debug_str     0x00001d7f      0x24b ..\obj\ff.o
                                0x5bc (size before relaxing)
 .debug_str     0x00001fca      0x321 ..\obj\stm32f4xx_spi.o
                                0x6a1 (size before relaxing)
 .debug_str     0x000022eb      0x117 ..\obj\stm32f4xx_exti.o
                                0x370 (size before relaxing)
 .debug_str     0x00002402      0x12a ..\obj\misc.o
                                0x3e5 (size before relaxing)

.comment        0x00000000       0x70
 .comment       0x00000000       0x70 ..\obj\stm32f4xx_syscfg.o
                                 0x71 (size before relaxing)
 .comment       0x00000000       0x71 ..\obj\delay.o
 .comment       0x00000000       0x71 ..\obj\startup_stm32f4xx.o
 .comment       0x00000000       0x71 ..\obj\fpu.o
 .comment       0x00000000       0x71 ..\obj\main.o
 .comment       0x00000000       0x71 ..\obj\stm32f4xx_rcc.o
 .comment       0x00000000       0x71 ..\obj\spi_sd.o
 .comment       0x00000000       0x71 ..\obj\stm32f4xx_gpio.o
 .comment       0x00000000       0x71 ..\obj\system_stm32f4xx.o
 .comment       0x00000000       0x71 ..\obj\syscalls.o
 .comment       0x00000000       0x71 ..\obj\Lista.o
 .comment       0x00000000       0x71 ..\obj\ff.o
 .comment       0x00000000       0x71 ..\obj\stm32f4xx_spi.o
 .comment       0x00000000       0x71 ..\obj\stm32f4xx_exti.o
 .comment       0x00000000       0x71 ..\obj\misc.o

.ARM.attributes
                0x00000000       0x33
 .ARM.attributes
                0x00000000       0x33 ..\obj\stm32f4xx_syscfg.o
 .ARM.attributes
                0x00000033       0x33 ..\obj\delay.o
 .ARM.attributes
                0x00000066       0x33 ..\obj\startup_stm32f4xx.o
 .ARM.attributes
                0x00000099       0x33 ..\obj\fpu.o
 .ARM.attributes
                0x000000cc       0x33 ..\obj\main.o
 .ARM.attributes
                0x000000ff       0x33 ..\obj\stm32f4xx_rcc.o
 .ARM.attributes
                0x00000132       0x33 ..\obj\spi_sd.o
 .ARM.attributes
                0x00000165       0x33 ..\obj\stm32f4xx_gpio.o
 .ARM.attributes
                0x00000198       0x33 ..\obj\system_stm32f4xx.o
 .ARM.attributes
                0x000001cb       0x33 ..\obj\syscalls.o
 .ARM.attributes
                0x000001fe       0x33 ..\obj\Lista.o
 .ARM.attributes
                0x00000231       0x33 ..\obj\ff.o
 .ARM.attributes
                0x00000264       0x33 ..\obj\stm32f4xx_spi.o
 .ARM.attributes
                0x00000297       0x33 ..\obj\stm32f4xx_exti.o
 .ARM.attributes
                0x000002ca       0x33 ..\obj\misc.o
 .ARM.attributes
                0x000002fd       0x2e c:/program files (x86)/gnu tools arm embedded/4.9 2015q3/bin/../lib/gcc/arm-none-eabi/4.9.3/../../../../arm-none-eabi/lib/armv7e-m\libg.a(lib_a-malloc.o)
 .ARM.attributes
                0x0000032b       0x2e c:/program files (x86)/gnu tools arm embedded/4.9 2015q3/bin/../lib/gcc/arm-none-eabi/4.9.3/../../../../arm-none-eabi/lib/armv7e-m\libg.a(lib_a-mallocr.o)
 .ARM.attributes
                0x00000359       0x2e c:/program files (x86)/gnu tools arm embedded/4.9 2015q3/bin/../lib/gcc/arm-none-eabi/4.9.3/../../../../arm-none-eabi/lib/armv7e-m\libg.a(lib_a-mlock.o)
 .ARM.attributes
                0x00000387       0x2e c:/program files (x86)/gnu tools arm embedded/4.9 2015q3/bin/../lib/gcc/arm-none-eabi/4.9.3/../../../../arm-none-eabi/lib/armv7e-m\libg.a(lib_a-sbrkr.o)
 .ARM.attributes
                0x000003b5       0x2e c:/program files (x86)/gnu tools arm embedded/4.9 2015q3/bin/../lib/gcc/arm-none-eabi/4.9.3/../../../../arm-none-eabi/lib/armv7e-m\libg.a(lib_a-freer.o)
 .ARM.attributes
                0x000003e3       0x2e c:/program files (x86)/gnu tools arm embedded/4.9 2015q3/bin/../lib/gcc/arm-none-eabi/4.9.3/../../../../arm-none-eabi/lib/armv7e-m\libg.a(lib_a-impure.o)
 .ARM.attributes
                0x00000411       0x2e c:/program files (x86)/gnu tools arm embedded/4.9 2015q3/bin/../lib/gcc/arm-none-eabi/4.9.3/../../../../arm-none-eabi/lib/armv7e-m\libg.a(lib_a-reent.o)

.debug_frame    0x00000000     0x1ea0
 .debug_frame   0x00000000       0xf4 ..\obj\stm32f4xx_syscfg.o
 .debug_frame   0x000000f4       0x84 ..\obj\delay.o
 .debug_frame   0x00000178       0x4c ..\obj\startup_stm32f4xx.o
 .debug_frame   0x000001c4       0x30 ..\obj\fpu.o
 .debug_frame   0x000001f4       0xe0 ..\obj\main.o
 .debug_frame   0x000002d4      0x6d4 ..\obj\stm32f4xx_rcc.o
 .debug_frame   0x000009a8      0x2e4 ..\obj\spi_sd.o
 .debug_frame   0x00000c8c      0x23c ..\obj\stm32f4xx_gpio.o
 .debug_frame   0x00000ec8       0x7c ..\obj\system_stm32f4xx.o
 .debug_frame   0x00000f44      0x168 ..\obj\syscalls.o
 .debug_frame   0x000010ac       0x44 ..\obj\Lista.o
 .debug_frame   0x000010f0      0x5ec ..\obj\ff.o
 .debug_frame   0x000016dc      0x3f4 ..\obj\stm32f4xx_spi.o
 .debug_frame   0x00001ad0      0x148 ..\obj\stm32f4xx_exti.o
 .debug_frame   0x00001c18       0xd8 ..\obj\misc.o
 .debug_frame   0x00001cf0       0x30 c:/program files (x86)/gnu tools arm embedded/4.9 2015q3/bin/../lib/gcc/arm-none-eabi/4.9.3/../../../../arm-none-eabi/lib/armv7e-m\libg.a(lib_a-malloc.o)
 .debug_frame   0x00001d20       0x58 c:/program files (x86)/gnu tools arm embedded/4.9 2015q3/bin/../lib/gcc/arm-none-eabi/4.9.3/../../../../arm-none-eabi/lib/armv7e-m\libg.a(lib_a-mallocr.o)
 .debug_frame   0x00001d78       0x30 c:/program files (x86)/gnu tools arm embedded/4.9 2015q3/bin/../lib/gcc/arm-none-eabi/4.9.3/../../../../arm-none-eabi/lib/armv7e-m\libg.a(lib_a-mlock.o)
 .debug_frame   0x00001da8       0x2c c:/program files (x86)/gnu tools arm embedded/4.9 2015q3/bin/../lib/gcc/arm-none-eabi/4.9.3/../../../../arm-none-eabi/lib/armv7e-m\libg.a(lib_a-sbrkr.o)
 .debug_frame   0x00001dd4       0x74 c:/program files (x86)/gnu tools arm embedded/4.9 2015q3/bin/../lib/gcc/arm-none-eabi/4.9.3/../../../../arm-none-eabi/lib/armv7e-m\libg.a(lib_a-freer.o)
 .debug_frame   0x00001e48       0x58 c:/program files (x86)/gnu tools arm embedded/4.9 2015q3/bin/../lib/gcc/arm-none-eabi/4.9.3/../../../../arm-none-eabi/lib/armv7e-m\libg.a(lib_a-reent.o)
